\BOOKMARK [1][-]{section.1}{\376\377\000I\000n\000l\000e\000i\000d\000i\000n\000g}{}% 1
\BOOKMARK [1][-]{section.2}{\376\377\000R\000o\000b\000u\000u\000s\000t\000e\000\040\000L\000o\000k\000a\000l\000i\000s\000a\000t\000i\000e\000\040\000i\000n\000\040\000C\000o\000m\000p\000l\000e\000x\000e\000\040\000O\000m\000g\000e\000v\000i\000n\000g\000e\000n}{}% 2
\BOOKMARK [2][-]{subsection.2.1}{\376\377\000G\000N\000S\000S}{section.2}% 3
\BOOKMARK [2][-]{subsection.2.2}{\376\377\000N\000a\000u\000w\000k\000e\000u\000r\000i\000g\000h\000e\000i\000d\000\040\000v\000i\000a\000\040\000R\000T\000K}{section.2}% 4
\BOOKMARK [2][-]{subsection.2.3}{\376\377\000G\000e\000b\000r\000e\000k\000e\000n}{section.2}% 5
\BOOKMARK [2][-]{subsection.2.4}{\376\377\000S\000e\000n\000s\000o\000r\000\040\000F\000u\000s\000i\000o\000n}{section.2}% 6
\BOOKMARK [1][-]{section.3}{\376\377\000P\000r\000o\000j\000e\000c\000t\000a\000a\000n\000l\000e\000i\000d\000i\000n\000g}{}% 7
\BOOKMARK [1][-]{section.4}{\376\377\000P\000r\000o\000b\000l\000e\000e\000m\000d\000e\000f\000i\000n\000i\000t\000i\000e}{}% 8
\BOOKMARK [2][-]{subsection.4.1}{\376\377\000P\000r\000o\000b\000l\000e\000e\000m\000s\000t\000e\000l\000l\000i\000n\000g}{section.4}% 9
\BOOKMARK [2][-]{subsection.4.2}{\376\377\000D\000o\000e\000l\000s\000t\000e\000l\000l\000i\000n\000g}{section.4}% 10
\BOOKMARK [2][-]{subsection.4.3}{\376\377\000V\000r\000a\000a\000g\000s\000t\000e\000l\000l\000i\000n\000g}{section.4}% 11
\BOOKMARK [1][-]{section.5}{\376\377\000L\000e\000e\000r\000d\000o\000e\000l\000e\000n}{}% 12
\BOOKMARK [2][-]{subsection.5.1}{\376\377\000A\000n\000a\000l\000y\000s\000e\000r\000e\000n}{section.5}% 13
\BOOKMARK [2][-]{subsection.5.2}{\376\377\000R\000e\000a\000l\000i\000s\000e\000r\000e\000n}{section.5}% 14
\BOOKMARK [2][-]{subsection.5.3}{\376\377\000P\000r\000o\000f\000e\000s\000s\000i\000o\000n\000a\000l\000i\000s\000e\000r\000e\000n}{section.5}% 15
\BOOKMARK [1][-]{section.6}{\376\377\000S\000p\000e\000c\000i\000f\000i\000c\000a\000t\000i\000e\000s}{}% 16
\BOOKMARK [1][-]{section.7}{\376\377\000O\000n\000d\000e\000r\000z\000o\000e\000k\000s\000o\000p\000z\000e\000t}{}% 17
\BOOKMARK [2][-]{subsection.7.1}{\376\377\000S\000t\000a\000p\000p\000e\000n\000p\000l\000a\000n}{section.7}% 18
\BOOKMARK [1][-]{section.8}{\376\377\000V\000a\000l\000i\000d\000a\000t\000i\000e}{}% 19
\BOOKMARK [2][-]{subsection.8.1}{\376\377\000A\000a\000n\000p\000a\000k}{section.8}% 20
\BOOKMARK [2][-]{subsection.8.2}{\376\377\000B\000e\000p\000r\000o\000e\000v\000i\000n\000g\000e\000n}{section.8}% 21
\BOOKMARK [1][-]{subsection.8.2}{\376\377\000B\000r\000o\000n\000n\000e\000n}{}% 22
