This is pdfTeX, Version 3.141592653-2.6-1.40.29 (MiKTeX 26.2) (preloaded format=pdflatex 2026.5.3)  28 MAY 2026 15:35
entering extended mode
 restricted \write18 enabled.
 file:line:error style messages enabled.
 %&-line parsing enabled.
**"c:/Users/Dennis van den Berg/OneDrive/Documenten/School/Stage_verslag/Latex-PvA-afstudeeropdracht/Eindverslag_afstudeeropdracht/main.tex"
(c:/Users/Dennis van den Berg/OneDrive/Documenten/School/Stage_verslag/Latex-PvA-afstudeeropdracht/Eindverslag_afstudeeropdracht/main.tex
LaTeX2e <2025-11-01>
L3 programming layer <2026-01-19>
(template.tex (C:\Users\Dennis van den Berg\AppData\Local\Programs\MiKTeX\tex/latex/base\article.cls
Document Class: article 2025/01/22 v1.4n Standard LaTeX document class
(C:\Users\Dennis van den Berg\AppData\Local\Programs\MiKTeX\tex/latex/base\size10.clo
File: size10.clo 2025/01/22 v1.4n Standard LaTeX file (size option)
)
\c@part=\count275
\c@section=\count276
\c@subsection=\count277
\c@subsubsection=\count278
\c@paragraph=\count279
\c@subparagraph=\count280
\c@figure=\count281
\c@table=\count282
\abovecaptionskip=\skip49
\belowcaptionskip=\skip50
\bibindent=\dimen148
) (C:\Users\Dennis van den Berg\AppData\Local\Programs\MiKTeX\tex/latex/graphics\graphicx.sty
Package: graphicx 2024/12/31 v1.2e Enhanced LaTeX Graphics (DPC,SPQR)
 (C:\Users\Dennis van den Berg\AppData\Local\Programs\MiKTeX\tex/latex/graphics\keyval.sty
Package: keyval 2022/05/29 v1.15 key=value parser (DPC)
\KV@toks@=\toks17
) (C:\Users\Dennis van den Berg\AppData\Local\Programs\MiKTeX\tex/latex/graphics\graphics.sty
Package: graphics 2024/08/06 v1.4g Standard LaTeX Graphics (DPC,SPQR)
 (C:\Users\Dennis van den Berg\AppData\Local\Programs\MiKTeX\tex/latex/graphics\trig.sty
Package: trig 2023/12/02 v1.11 sin cos tan (DPC)
) (C:\Users\Dennis van den Berg\AppData\Local\Programs\MiKTeX\tex/latex/graphics-cfg\graphics.cfg
File: graphics.cfg 2016/06/04 v1.11 sample graphics configuration
)
Package graphics Info: Driver file: pdftex.def on input line 106.
 (C:\Users\Dennis van den Berg\AppData\Local\Programs\MiKTeX\tex/latex/graphics-def\pdftex.def
File: pdftex.def 2025/09/29 v1.2d Graphics/color driver for pdftex
))
\Gin@req@height=\dimen149
\Gin@req@width=\dimen150
) (C:\Users\Dennis van den Berg\AppData\Local\Programs\MiKTeX\tex/latex/float\float.sty
Package: float 2001/11/08 v1.3d Float enhancements (AL)
\c@float@type=\count283
\float@exts=\toks18
\float@box=\box53
\@float@everytoks=\toks19
\@floatcapt=\box54
) (C:\Users\Dennis van den Berg\AppData\Local\Programs\MiKTeX\tex/latex/titlesec\titlesec.sty
Package: titlesec 2025/01/04 v2.17 Sectioning titles
\ttl@box=\box55
\beforetitleunit=\skip51
\aftertitleunit=\skip52
\ttl@plus=\dimen151
\ttl@minus=\dimen152
\ttl@toksa=\toks20
\titlewidth=\dimen153
\titlewidthlast=\dimen154
\titlewidthfirst=\dimen155
) (C:\Users\Dennis van den Berg\AppData\Local\Programs\MiKTeX\tex/latex/wrapfig\wrapfig.sty
\wrapoverhang=\dimen156
\WF@size=\dimen157
\c@WF@wrappedlines=\count284
\WF@box=\box56
\WF@everypar=\toks21
Package: wrapfig 2003/01/31  v 3.6
) (C:\Users\Dennis van den Berg\AppData\Local\Programs\MiKTeX\tex/latex/listings\listings.sty
\lst@mode=\count285
\lst@gtempboxa=\box57
\lst@token=\toks22
\lst@length=\count286
\lst@currlwidth=\dimen158
\lst@column=\count287
\lst@pos=\count288
\lst@lostspace=\dimen159
\lst@width=\dimen160
\lst@newlines=\count289
\lst@lineno=\count290
\lst@maxwidth=\dimen161
 (C:\Users\Dennis van den Berg\AppData\Local\Programs\MiKTeX\tex/latex/listings\lstpatch.sty
File: lstpatch.sty 2025/11/14 1.11b (Carsten Heinz)
) (C:\Users\Dennis van den Berg\AppData\Local\Programs\MiKTeX\tex/latex/listings\lstmisc.sty
File: lstmisc.sty 2025/11/14 1.11b (Carsten Heinz)
\c@lstnumber=\count291
\lst@skipnumbers=\count292
\lst@framebox=\box58
) (C:\Users\Dennis van den Berg\AppData\Local\Programs\MiKTeX\tex/latex/listings\listings.cfg
File: listings.cfg 2025/11/14 1.11b listings configuration
))
Package: listings 2025/11/14 1.11b (Carsten Heinz)

==> First Aid for listings.sty no longer applied!
    Expected:
        2024/09/23 1.10c (Carsten Heinz)
    but found:
        2025/11/14 1.11b (Carsten Heinz)
    so I'm assuming it got fixed.
(C:\Users\Dennis van den Berg\AppData\Local\Programs\MiKTeX\tex/latex/comment\comment.sty
\CommentStream=\write3
 Excluding comment 'comment') (C:\Users\Dennis van den Berg\AppData\Local\Programs\MiKTeX\tex/latex/hyperref\hyperref.sty
Package: hyperref 2026-01-29 v7.01p Hypertext links for LaTeX
 (C:\Users\Dennis van den Berg\AppData\Local\Programs\MiKTeX\tex/generic/iftex\iftex.sty
Package: iftex 2024/12/12 v1.0g TeX engine tests
) (C:\Users\Dennis van den Berg\AppData\Local\Programs\MiKTeX\tex/latex/kvsetkeys\kvsetkeys.sty
Package: kvsetkeys 2022-10-05 v1.19 Key value parser (HO)
) (C:\Users\Dennis van den Berg\AppData\Local\Programs\MiKTeX\tex/generic/kvdefinekeys\kvdefinekeys.sty
Package: kvdefinekeys 2019-12-19 v1.6 Define keys (HO)
) (C:\Users\Dennis van den Berg\AppData\Local\Programs\MiKTeX\tex/generic/pdfescape\pdfescape.sty
Package: pdfescape 2019/12/09 v1.15 Implements pdfTeX's escape features (HO)
 (C:\Users\Dennis van den Berg\AppData\Local\Programs\MiKTeX\tex/generic/ltxcmds\ltxcmds.sty
Package: ltxcmds 2023-12-04 v1.26 LaTeX kernel commands for general use (HO)
) (C:\Users\Dennis van den Berg\AppData\Local\Programs\MiKTeX\tex/generic/pdftexcmds\pdftexcmds.sty
Package: pdftexcmds 2020-06-27 v0.33 Utility functions of pdfTeX for LuaTeX (HO)
 (C:\Users\Dennis van den Berg\AppData\Local\Programs\MiKTeX\tex/generic/infwarerr\infwarerr.sty
Package: infwarerr 2019/12/03 v1.5 Providing info/warning/error messages (HO)
)
Package pdftexcmds Info: \pdf@primitive is available.
Package pdftexcmds Info: \pdf@ifprimitive is available.
Package pdftexcmds Info: \pdfdraftmode found.
)) (C:\Users\Dennis van den Berg\AppData\Local\Programs\MiKTeX\tex/latex/hycolor\hycolor.sty
Package: hycolor 2020-01-27 v1.10 Color options for hyperref/bookmark (HO)
) (C:\Users\Dennis van den Berg\AppData\Local\Programs\MiKTeX\tex/latex/hyperref\nameref.sty
Package: nameref 2026-01-29 v2.58 Cross-referencing by name of section
 (C:\Users\Dennis van den Berg\AppData\Local\Programs\MiKTeX\tex/latex/refcount\refcount.sty
Package: refcount 2019/12/15 v3.6 Data extraction from label references (HO)
) (C:\Users\Dennis van den Berg\AppData\Local\Programs\MiKTeX\tex/generic/gettitlestring\gettitlestring.sty
Package: gettitlestring 2019/12/15 v1.6 Cleanup title references (HO)
 (C:\Users\Dennis van den Berg\AppData\Local\Programs\MiKTeX\tex/latex/kvoptions\kvoptions.sty
Package: kvoptions 2022-06-15 v3.15 Key value format for package options (HO)
))
\c@section@level=\count293
) (C:\Users\Dennis van den Berg\AppData\Local\Programs\MiKTeX\tex/latex/etoolbox\etoolbox.sty
Package: etoolbox 2025/10/02 v2.5m e-TeX tools for LaTeX (JAW)
\etb@tempcnta=\count294
) (C:\Users\Dennis van den Berg\AppData\Local\Programs\MiKTeX\tex/generic/stringenc\stringenc.sty
Package: stringenc 2019/11/29 v1.12 Convert strings between diff. encodings (HO)
)
\@linkdim=\dimen162
\Hy@linkcounter=\count295
\Hy@pagecounter=\count296
 (C:\Users\Dennis van den Berg\AppData\Local\Programs\MiKTeX\tex/latex/hyperref\pd1enc.def
File: pd1enc.def 2026-01-29 v7.01p Hyperref: PDFDocEncoding definition (HO)
Now handling font encoding PD1 ...
... no UTF-8 mapping file for font encoding PD1
) (C:\Users\Dennis van den Berg\AppData\Local\Programs\MiKTeX\tex/generic/intcalc\intcalc.sty
Package: intcalc 2019/12/15 v1.3 Expandable calculations with integers (HO)
)
\Hy@SavedSpaceFactor=\count297
 (C:\Users\Dennis van den Berg\AppData\Local\Programs\MiKTeX\tex/latex/hyperref\puenc.def
File: puenc.def 2026-01-29 v7.01p Hyperref: PDF Unicode definition (HO)
Now handling font encoding PU ...
... no UTF-8 mapping file for font encoding PU
)
Package hyperref Info: Hyper figures OFF on input line 4201.
Package hyperref Info: Link nesting OFF on input line 4206.
Package hyperref Info: Hyper index ON on input line 4209.
Package hyperref Info: Plain pages OFF on input line 4216.
Package hyperref Info: Backreferencing OFF on input line 4221.
Package hyperref Info: Implicit mode ON; LaTeX internals redefined.
Package hyperref Info: Bookmarks ON on input line 4468.
\c@Hy@tempcnt=\count298
 (C:\Users\Dennis van den Berg\AppData\Local\Programs\MiKTeX\tex/latex/url\url.sty
\Urlmuskip=\muskip17
Package: url 2013/09/16  ver 3.4  Verb mode for urls, etc.
)
LaTeX Info: Redefining \url on input line 4807.
\XeTeXLinkMargin=\dimen163
 (C:\Users\Dennis van den Berg\AppData\Local\Programs\MiKTeX\tex/generic/bitset\bitset.sty
Package: bitset 2019/12/09 v1.3 Handle bit-vector datatype (HO)
 (C:\Users\Dennis van den Berg\AppData\Local\Programs\MiKTeX\tex/generic/bigintcalc\bigintcalc.sty
Package: bigintcalc 2019/12/15 v1.5 Expandable calculations on big integers (HO)
))
\Fld@menulength=\count299
\Field@Width=\dimen164
\Fld@charsize=\dimen165
Package hyperref Info: Hyper figures OFF on input line 6084.
Package hyperref Info: Link nesting OFF on input line 6089.
Package hyperref Info: Hyper index ON on input line 6092.
Package hyperref Info: backreferencing OFF on input line 6099.
Package hyperref Info: Link coloring OFF on input line 6104.
Package hyperref Info: Link coloring with OCG OFF on input line 6109.
Package hyperref Info: PDF/A mode OFF on input line 6114.
\Hy@abspage=\count300
\c@Item=\count301
\c@Hfootnote=\count302
)
Package hyperref Info: Driver (autodetected): hpdftex.
 (C:\Users\Dennis van den Berg\AppData\Local\Programs\MiKTeX\tex/latex/hyperref\hpdftex.def
File: hpdftex.def 2026-01-29 v7.01p Hyperref driver for pdfTeX
\Fld@listcount=\count303
\c@bookmark@seq@number=\count304
 (C:\Users\Dennis van den Berg\AppData\Local\Programs\MiKTeX\tex/latex/rerunfilecheck\rerunfilecheck.sty
Package: rerunfilecheck 2025-06-21 v1.11 Rerun checks for auxiliary files (HO)
 (C:\Users\Dennis van den Berg\AppData\Local\Programs\MiKTeX\tex/generic/uniquecounter\uniquecounter.sty
Package: uniquecounter 2019/12/15 v1.4 Provide unlimited unique counter (HO)
)
Package uniquecounter Info: New unique counter `rerunfilecheck' on input line 284.
)
\Hy@SectionHShift=\skip53
) (C:\Users\Dennis van den Berg\AppData\Local\Programs\MiKTeX\tex/latex/caption\subcaption.sty
Package: subcaption 2023/07/28 v1.6b Sub-captions (AR)
 (C:\Users\Dennis van den Berg\AppData\Local\Programs\MiKTeX\tex/latex/caption\caption.sty
Package: caption 2023/08/05 v3.6o Customizing captions (AR)
 (C:\Users\Dennis van den Berg\AppData\Local\Programs\MiKTeX\tex/latex/caption\caption3.sty
Package: caption3 2023/07/31 v2.4d caption3 kernel (AR)
\caption@tempdima=\dimen166
\captionmargin=\dimen167
\caption@leftmargin=\dimen168
\caption@rightmargin=\dimen169
\caption@width=\dimen170
\caption@indent=\dimen171
\caption@parindent=\dimen172
\caption@hangindent=\dimen173
Package caption Info: Standard document class detected.
)
\c@caption@flags=\count305
\c@continuedfloat=\count306
Package caption Info: float package is loaded.
Package caption Info: hyperref package is loaded.
Package caption Info: listings package is loaded.
Package caption Info: wrapfig package is loaded.
)
Package caption Info: New subtype `subfigure' on input line 238.
\c@subfigure=\count307
Package caption Info: New subtype `subtable' on input line 238.
\c@subtable=\count308
) (C:\Users\Dennis van den Berg\AppData\Local\Programs\MiKTeX\tex/latex/tcolorbox\tcolorbox.sty
Package: tcolorbox 2025/11/28 version 6.9.0 text color boxes
 (C:\Users\Dennis van den Berg\AppData\Local\Programs\MiKTeX\tex/latex/pgf/frontendlayer\tikz.sty (C:\Users\Dennis van den Berg\AppData\Local\Programs\MiKTeX\tex/latex/pgf/basiclayer\pgf.sty (C:\Users\Dennis van den Berg\AppData\Local\Programs\MiKTeX\tex/latex/pgf/utilities\pgfrcs.sty (C:\Users\Dennis van den Berg\AppData\Local\Programs\MiKTeX\tex/generic/pgf/utilities\pgfutil-common.tex
\pgfutil@everybye=\toks23
\pgfutil@tempdima=\dimen174
\pgfutil@tempdimb=\dimen175
) (C:\Users\Dennis van den Berg\AppData\Local\Programs\MiKTeX\tex/generic/pgf/utilities\pgfutil-latex.def
\pgfutil@abb=\box59
) (C:\Users\Dennis van den Berg\AppData\Local\Programs\MiKTeX\tex/generic/pgf/utilities\pgfrcs.code.tex (C:\Users\Dennis van den Berg\AppData\Local\Programs\MiKTeX\tex/generic/pgf\pgf.revision.tex)
Package: pgfrcs 2025-08-29 v3.1.11a (3.1.11a)
))
Package: pgf 2025-08-29 v3.1.11a (3.1.11a)
 (C:\Users\Dennis van den Berg\AppData\Local\Programs\MiKTeX\tex/latex/pgf/basiclayer\pgfcore.sty (C:\Users\Dennis van den Berg\AppData\Local\Programs\MiKTeX\tex/latex/pgf/systemlayer\pgfsys.sty (C:\Users\Dennis van den Berg\AppData\Local\Programs\MiKTeX\tex/generic/pgf/systemlayer\pgfsys.code.tex
Package: pgfsys 2025-08-29 v3.1.11a (3.1.11a)
 (C:\Users\Dennis van den Berg\AppData\Local\Programs\MiKTeX\tex/generic/pgf/utilities\pgfkeys.code.tex
\pgfkeys@pathtoks=\toks24
\pgfkeys@temptoks=\toks25
 (C:\Users\Dennis van den Berg\AppData\Local\Programs\MiKTeX\tex/generic/pgf/utilities\pgfkeyslibraryfiltered.code.tex
\pgfkeys@tmptoks=\toks26
))
\pgf@x=\dimen176
\pgf@y=\dimen177
\pgf@xa=\dimen178
\pgf@ya=\dimen179
\pgf@xb=\dimen180
\pgf@yb=\dimen181
\pgf@xc=\dimen182
\pgf@yc=\dimen183
\pgf@xd=\dimen184
\pgf@yd=\dimen185
\w@pgf@writea=\write4
\r@pgf@reada=\read2
\c@pgf@counta=\count309
\c@pgf@countb=\count310
\c@pgf@countc=\count311
\c@pgf@countd=\count312
\t@pgf@toka=\toks27
\t@pgf@tokb=\toks28
\t@pgf@tokc=\toks29
\pgf@sys@id@count=\count313
 (C:\Users\Dennis van den Berg\AppData\Local\Programs\MiKTeX\tex/generic/pgf/systemlayer\pgf.cfg
File: pgf.cfg 2025-08-29 v3.1.11a (3.1.11a)
)
Driver file for pgf: pgfsys-pdftex.def
 (C:\Users\Dennis van den Berg\AppData\Local\Programs\MiKTeX\tex/generic/pgf/systemlayer\pgfsys-pdftex.def
File: pgfsys-pdftex.def 2025-08-29 v3.1.11a (3.1.11a)
 (C:\Users\Dennis van den Berg\AppData\Local\Programs\MiKTeX\tex/generic/pgf/systemlayer\pgfsys-common-pdf.def
File: pgfsys-common-pdf.def 2025-08-29 v3.1.11a (3.1.11a)
))) (C:\Users\Dennis van den Berg\AppData\Local\Programs\MiKTeX\tex/generic/pgf/systemlayer\pgfsyssoftpath.code.tex
File: pgfsyssoftpath.code.tex 2025-08-29 v3.1.11a (3.1.11a)
\pgfsyssoftpath@smallbuffer@items=\count314
\pgfsyssoftpath@bigbuffer@items=\count315
) (C:\Users\Dennis van den Berg\AppData\Local\Programs\MiKTeX\tex/generic/pgf/systemlayer\pgfsysprotocol.code.tex
File: pgfsysprotocol.code.tex 2025-08-29 v3.1.11a (3.1.11a)
)) (C:\Users\Dennis van den Berg\AppData\Local\Programs\MiKTeX\tex/latex/xcolor\xcolor.sty
Package: xcolor 2024/09/29 v3.02 LaTeX color extensions (UK)
 (C:\Users\Dennis van den Berg\AppData\Local\Programs\MiKTeX\tex/latex/graphics-cfg\color.cfg
File: color.cfg 2016/01/02 v1.6 sample color configuration
)
Package xcolor Info: Driver file: pdftex.def on input line 274.
 (C:\Users\Dennis van den Berg\AppData\Local\Programs\MiKTeX\tex/latex/graphics\mathcolor.ltx)
Package xcolor Info: Model `cmy' substituted by `cmy0' on input line 1349.
Package xcolor Info: Model `hsb' substituted by `rgb' on input line 1353.
Package xcolor Info: Model `RGB' extended on input line 1365.
Package xcolor Info: Model `HTML' substituted by `rgb' on input line 1367.
Package xcolor Info: Model `Hsb' substituted by `hsb' on input line 1368.
Package xcolor Info: Model `tHsb' substituted by `hsb' on input line 1369.
Package xcolor Info: Model `HSB' substituted by `hsb' on input line 1370.
Package xcolor Info: Model `Gray' substituted by `gray' on input line 1371.
Package xcolor Info: Model `wave' substituted by `hsb' on input line 1372.
) (C:\Users\Dennis van den Berg\AppData\Local\Programs\MiKTeX\tex/generic/pgf/basiclayer\pgfcore.code.tex
Package: pgfcore 2025-08-29 v3.1.11a (3.1.11a)
 (C:\Users\Dennis van den Berg\AppData\Local\Programs\MiKTeX\tex/generic/pgf/math\pgfmath.code.tex (C:\Users\Dennis van den Berg\AppData\Local\Programs\MiKTeX\tex/generic/pgf/math\pgfmathutil.code.tex) (C:\Users\Dennis van den Berg\AppData\Local\Programs\MiKTeX\tex/generic/pgf/math\pgfmathparser.code.tex
\pgfmath@dimen=\dimen186
\pgfmath@count=\count316
\pgfmath@box=\box60
\pgfmath@toks=\toks30
\pgfmath@stack@operand=\toks31
\pgfmath@stack@operation=\toks32
) (C:\Users\Dennis van den Berg\AppData\Local\Programs\MiKTeX\tex/generic/pgf/math\pgfmathfunctions.code.tex) (C:\Users\Dennis van den Berg\AppData\Local\Programs\MiKTeX\tex/generic/pgf/math\pgfmathfunctions.basic.code.tex) (C:\Users\Dennis van den Berg\AppData\Local\Programs\MiKTeX\tex/generic/pgf/math\pgfmathfunctions.trigonometric.code.tex) (C:\Users\Dennis van den Berg\AppData\Local\Programs\MiKTeX\tex/generic/pgf/math\pgfmathfunctions.random.code.tex) (C:\Users\Dennis van den Berg\AppData\Local\Programs\MiKTeX\tex/generic/pgf/math\pgfmathfunctions.comparison.code.tex) (C:\Users\Dennis van den Berg\AppData\Local\Programs\MiKTeX\tex/generic/pgf/math\pgfmathfunctions.base.code.tex) (C:\Users\Dennis van den Berg\AppData\Local\Programs\MiKTeX\tex/generic/pgf/math\pgfmathfunctions.round.code.tex) (C:\Users\Dennis van den Berg\AppData\Local\Programs\MiKTeX\tex/generic/pgf/math\pgfmathfunctions.misc.code.tex) (C:\Users\Dennis van den Berg\AppData\Local\Programs\MiKTeX\tex/generic/pgf/math\pgfmathfunctions.integerarithmetics.code.tex) (C:\Users\Dennis van den Berg\AppData\Local\Programs\MiKTeX\tex/generic/pgf/math\pgfmathcalc.code.tex) (C:\Users\Dennis van den Berg\AppData\Local\Programs\MiKTeX\tex/generic/pgf/math\pgfmathfloat.code.tex
\c@pgfmathroundto@lastzeros=\count317
)) (C:\Users\Dennis van den Berg\AppData\Local\Programs\MiKTeX\tex/generic/pgf/math\pgfint.code.tex) (C:\Users\Dennis van den Berg\AppData\Local\Programs\MiKTeX\tex/generic/pgf/basiclayer\pgfcorepoints.code.tex
File: pgfcorepoints.code.tex 2025-08-29 v3.1.11a (3.1.11a)
\pgf@picminx=\dimen187
\pgf@picmaxx=\dimen188
\pgf@picminy=\dimen189
\pgf@picmaxy=\dimen190
\pgf@pathminx=\dimen191
\pgf@pathmaxx=\dimen192
\pgf@pathminy=\dimen193
\pgf@pathmaxy=\dimen194
\pgf@xx=\dimen195
\pgf@xy=\dimen196
\pgf@yx=\dimen197
\pgf@yy=\dimen198
\pgf@zx=\dimen199
\pgf@zy=\dimen256
) (C:\Users\Dennis van den Berg\AppData\Local\Programs\MiKTeX\tex/generic/pgf/basiclayer\pgfcorepathconstruct.code.tex
File: pgfcorepathconstruct.code.tex 2025-08-29 v3.1.11a (3.1.11a)
\pgf@path@lastx=\dimen257
\pgf@path@lasty=\dimen258
) (C:\Users\Dennis van den Berg\AppData\Local\Programs\MiKTeX\tex/generic/pgf/basiclayer\pgfcorepathusage.code.tex
File: pgfcorepathusage.code.tex 2025-08-29 v3.1.11a (3.1.11a)
\pgf@shorten@end@additional=\dimen259
\pgf@shorten@start@additional=\dimen260
) (C:\Users\Dennis van den Berg\AppData\Local\Programs\MiKTeX\tex/generic/pgf/basiclayer\pgfcorescopes.code.tex
File: pgfcorescopes.code.tex 2025-08-29 v3.1.11a (3.1.11a)
\pgfpic=\box61
\pgf@hbox=\box62
\pgf@layerbox@main=\box63
\pgf@picture@serial@count=\count318
) (C:\Users\Dennis van den Berg\AppData\Local\Programs\MiKTeX\tex/generic/pgf/basiclayer\pgfcoregraphicstate.code.tex
File: pgfcoregraphicstate.code.tex 2025-08-29 v3.1.11a (3.1.11a)
\pgflinewidth=\dimen261
) (C:\Users\Dennis van den Berg\AppData\Local\Programs\MiKTeX\tex/generic/pgf/basiclayer\pgfcoretransformations.code.tex
File: pgfcoretransformations.code.tex 2025-08-29 v3.1.11a (3.1.11a)
\pgf@pt@x=\dimen262
\pgf@pt@y=\dimen263
\pgf@pt@temp=\dimen264
) (C:\Users\Dennis van den Berg\AppData\Local\Programs\MiKTeX\tex/generic/pgf/basiclayer\pgfcorequick.code.tex
File: pgfcorequick.code.tex 2025-08-29 v3.1.11a (3.1.11a)
) (C:\Users\Dennis van den Berg\AppData\Local\Programs\MiKTeX\tex/generic/pgf/basiclayer\pgfcoreobjects.code.tex
File: pgfcoreobjects.code.tex 2025-08-29 v3.1.11a (3.1.11a)
) (C:\Users\Dennis van den Berg\AppData\Local\Programs\MiKTeX\tex/generic/pgf/basiclayer\pgfcorepathprocessing.code.tex
File: pgfcorepathprocessing.code.tex 2025-08-29 v3.1.11a (3.1.11a)
) (C:\Users\Dennis van den Berg\AppData\Local\Programs\MiKTeX\tex/generic/pgf/basiclayer\pgfcorearrows.code.tex
File: pgfcorearrows.code.tex 2025-08-29 v3.1.11a (3.1.11a)
\pgfarrowsep=\dimen265
) (C:\Users\Dennis van den Berg\AppData\Local\Programs\MiKTeX\tex/generic/pgf/basiclayer\pgfcoreshade.code.tex
File: pgfcoreshade.code.tex 2025-08-29 v3.1.11a (3.1.11a)
\pgf@max=\dimen266
\pgf@sys@shading@range@num=\count319
\pgf@shadingcount=\count320
) (C:\Users\Dennis van den Berg\AppData\Local\Programs\MiKTeX\tex/generic/pgf/basiclayer\pgfcoreimage.code.tex
File: pgfcoreimage.code.tex 2025-08-29 v3.1.11a (3.1.11a)
) (C:\Users\Dennis van den Berg\AppData\Local\Programs\MiKTeX\tex/generic/pgf/basiclayer\pgfcoreexternal.code.tex
File: pgfcoreexternal.code.tex 2025-08-29 v3.1.11a (3.1.11a)
\pgfexternal@startupbox=\box64
) (C:\Users\Dennis van den Berg\AppData\Local\Programs\MiKTeX\tex/generic/pgf/basiclayer\pgfcorelayers.code.tex
File: pgfcorelayers.code.tex 2025-08-29 v3.1.11a (3.1.11a)
) (C:\Users\Dennis van den Berg\AppData\Local\Programs\MiKTeX\tex/generic/pgf/basiclayer\pgfcoretransparency.code.tex
File: pgfcoretransparency.code.tex 2025-08-29 v3.1.11a (3.1.11a)
) (C:\Users\Dennis van den Berg\AppData\Local\Programs\MiKTeX\tex/generic/pgf/basiclayer\pgfcorepatterns.code.tex
File: pgfcorepatterns.code.tex 2025-08-29 v3.1.11a (3.1.11a)
) (C:\Users\Dennis van den Berg\AppData\Local\Programs\MiKTeX\tex/generic/pgf/basiclayer\pgfcorerdf.code.tex
File: pgfcorerdf.code.tex 2025-08-29 v3.1.11a (3.1.11a)
))) (C:\Users\Dennis van den Berg\AppData\Local\Programs\MiKTeX\tex/generic/pgf/modules\pgfmoduleshapes.code.tex
File: pgfmoduleshapes.code.tex 2025-08-29 v3.1.11a (3.1.11a)
\pgfnodeparttextbox=\box65
) (C:\Users\Dennis van den Berg\AppData\Local\Programs\MiKTeX\tex/generic/pgf/modules\pgfmoduleplot.code.tex
File: pgfmoduleplot.code.tex 2025-08-29 v3.1.11a (3.1.11a)
) (C:\Users\Dennis van den Berg\AppData\Local\Programs\MiKTeX\tex/latex/pgf/compatibility\pgfcomp-version-0-65.sty
Package: pgfcomp-version-0-65 2025-08-29 v3.1.11a (3.1.11a)
\pgf@nodesepstart=\dimen267
\pgf@nodesepend=\dimen268
) (C:\Users\Dennis van den Berg\AppData\Local\Programs\MiKTeX\tex/latex/pgf/compatibility\pgfcomp-version-1-18.sty
Package: pgfcomp-version-1-18 2025-08-29 v3.1.11a (3.1.11a)
)) (C:\Users\Dennis van den Berg\AppData\Local\Programs\MiKTeX\tex/latex/pgf/utilities\pgffor.sty (C:\Users\Dennis van den Berg\AppData\Local\Programs\MiKTeX\tex/latex/pgf/utilities\pgfkeys.sty (C:\Users\Dennis van den Berg\AppData\Local\Programs\MiKTeX\tex/generic/pgf/utilities\pgfkeys.code.tex)) (C:\Users\Dennis van den Berg\AppData\Local\Programs\MiKTeX\tex/latex/pgf/math\pgfmath.sty (C:\Users\Dennis van den Berg\AppData\Local\Programs\MiKTeX\tex/generic/pgf/math\pgfmath.code.tex)) (C:\Users\Dennis van den Berg\AppData\Local\Programs\MiKTeX\tex/generic/pgf/utilities\pgffor.code.tex
Package: pgffor 2025-08-29 v3.1.11a (3.1.11a)
\pgffor@iter=\dimen269
\pgffor@skip=\dimen270
\pgffor@stack=\toks33
\pgffor@toks=\toks34
)) (C:\Users\Dennis van den Berg\AppData\Local\Programs\MiKTeX\tex/generic/pgf/frontendlayer/tikz\tikz.code.tex
Package: tikz 2025-08-29 v3.1.11a (3.1.11a)
 (C:\Users\Dennis van den Berg\AppData\Local\Programs\MiKTeX\tex/generic/pgf/libraries\pgflibraryplothandlers.code.tex
File: pgflibraryplothandlers.code.tex 2025-08-29 v3.1.11a (3.1.11a)
\pgf@plot@mark@count=\count321
\pgfplotmarksize=\dimen271
)
\tikz@lastx=\dimen272
\tikz@lasty=\dimen273
\tikz@lastxsaved=\dimen274
\tikz@lastysaved=\dimen275
\tikz@lastmovetox=\dimen276
\tikz@lastmovetoy=\dimen277
\tikzleveldistance=\dimen278
\tikzsiblingdistance=\dimen279
\tikz@figbox=\box66
\tikz@figbox@bg=\box67
\tikz@tempbox=\box68
\tikz@tempbox@bg=\box69
\tikztreelevel=\count322
\tikznumberofchildren=\count323
\tikznumberofcurrentchild=\count324
\tikz@fig@count=\count325
 (C:\Users\Dennis van den Berg\AppData\Local\Programs\MiKTeX\tex/generic/pgf/modules\pgfmodulematrix.code.tex
File: pgfmodulematrix.code.tex 2025-08-29 v3.1.11a (3.1.11a)
\pgfmatrixcurrentrow=\count326
\pgfmatrixcurrentcolumn=\count327
\pgf@matrix@numberofcolumns=\count328
)
\tikz@expandcount=\count329

(C:\Users\Dennis van den Berg\AppData\Local\Programs\MiKTeX\tex/generic/pgf/frontendlayer/tikz/libraries\tikzlibrarytopaths.code.tex
File: tikzlibrarytopaths.code.tex 2025-08-29 v3.1.11a (3.1.11a)
))) (C:\Users\Dennis van den Berg\AppData\Local\Programs\MiKTeX\tex/latex/tools\verbatim.sty
Package: verbatim 2024-01-22 v1.5x LaTeX2e package for verbatim enhancements
\every@verbatim=\toks35
\verbatim@line=\toks36
\verbatim@in@stream=\read3
) (C:\Users\Dennis van den Berg\AppData\Local\Programs\MiKTeX\tex/latex/environ\environ.sty
Package: environ 2014/05/04 v0.3 A new way to define environments
 (C:\Users\Dennis van den Berg\AppData\Local\Programs\MiKTeX\tex/latex/trimspaces\trimspaces.sty
Package: trimspaces 2009/09/17 v1.1 Trim spaces around a token list
)
\@envbody=\toks37
)
\tcb@titlebox=\box70
\tcb@upperbox=\box71
\tcb@lowerbox=\box72
\tcb@phantombox=\box73
\c@tcbbreakpart=\count330
\c@tcblayer=\count331
\c@tcolorbox@number=\count332
\l__tcobox_tmpa_box=\box74
\l__tcobox_tmpa_dim=\dimen280
\tcb@temp=\box75
\tcb@temp=\box76
\tcb@temp=\box77
\tcb@temp=\box78
) (C:\Users\Dennis van den Berg\AppData\Local\Programs\MiKTeX\tex/generic/pgf/frontendlayer/tikz/libraries\tikzlibraryshapes.geometric.code.tex
File: tikzlibraryshapes.geometric.code.tex 2025-08-29 v3.1.11a (3.1.11a)
 (C:\Users\Dennis van den Berg\AppData\Local\Programs\MiKTeX\tex/generic/pgf/libraries/shapes\pgflibraryshapes.geometric.code.tex
File: pgflibraryshapes.geometric.code.tex 2025-08-29 v3.1.11a (3.1.11a)
)) (C:\Users\Dennis van den Berg\AppData\Local\Programs\MiKTeX\tex/generic/pgf/libraries\pgflibraryarrows.meta.code.tex
File: pgflibraryarrows.meta.code.tex 2025-08-29 v3.1.11a (3.1.11a)
\pgfarrowinset=\dimen281
\pgfarrowlength=\dimen282
\pgfarrowwidth=\dimen283
\pgfarrowlinewidth=\dimen284
) (C:\Users\Dennis van den Berg\AppData\Local\Programs\MiKTeX\tex/generic/pgf/frontendlayer/tikz/libraries\tikzlibrarypositioning.code.tex
File: tikzlibrarypositioning.code.tex 2025-08-29 v3.1.11a (3.1.11a)
) (C:\Users\Dennis van den Berg\AppData\Local\Programs\MiKTeX\tex/latex/fancyhdr\fancyhdr.sty
Package: fancyhdr 2025/02/07 v5.2 Extensive control of page headers and footers
\f@nch@headwidth=\skip54
\f@nch@offset@elh=\skip55
\f@nch@offset@erh=\skip56
\f@nch@offset@olh=\skip57
\f@nch@offset@orh=\skip58
\f@nch@offset@elf=\skip59
\f@nch@offset@erf=\skip60
\f@nch@offset@olf=\skip61
\f@nch@offset@orf=\skip62
\f@nch@height=\skip63
\f@nch@footalignment=\skip64
\f@nch@widthL=\skip65
\f@nch@widthC=\skip66
\f@nch@widthR=\skip67
\@temptokenb=\toks38
) (C:\Users\Dennis van den Berg\AppData\Local\Programs\MiKTeX\tex/latex/tools\longtable.sty
Package: longtable 2025-10-13 v4.24 Multi-page Table package (DPC)
\LTleft=\skip68
\LTright=\skip69
\LTpre=\skip70
\LTpost=\skip71
\LTchunksize=\count333
\LTcapwidth=\dimen285
\LT@head=\box79
\LT@firsthead=\box80
\LT@foot=\box81
\LT@lastfoot=\box82
\LT@gbox=\box83
\LT@cols=\count334
\LT@rows=\count335
\c@LT@tables=\count336
\c@LT@chunks=\count337
\LT@p@ftn=\toks39
) (C:\Users\Dennis van den Berg\AppData\Local\Programs\MiKTeX\tex/latex/base\textcomp.sty
Package: textcomp 2024/04/24 v2.1b Standard LaTeX package
) (C:\Users\Dennis van den Berg\AppData\Local\Programs\MiKTeX\tex/latex/geometry\geometry.sty
Package: geometry 2026/03/07 v6.0 Page Geometry
 (C:\Users\Dennis van den Berg\AppData\Local\Programs\MiKTeX\tex/generic/iftex\ifvtex.sty
Package: ifvtex 2019/10/25 v1.7 ifvtex legacy package. Use iftex instead.
)
\Gm@cnth=\count338
\Gm@cntv=\count339
\c@Gm@tempcnt=\count340
\Gm@bindingoffset=\dimen286
\Gm@wd@mp=\dimen287
\Gm@odd@mp=\dimen288
\Gm@even@mp=\dimen289
\Gm@layoutwidth=\dimen290
\Gm@layoutheight=\dimen291
\Gm@layouthoffset=\dimen292
\Gm@layoutvoffset=\dimen293
\Gm@dimlist=\toks40
 (C:\Users\Dennis van den Berg\AppData\Local\Programs\MiKTeX\tex/latex/geometry\geometry.cfg)) (C:\Users\Dennis van den Berg\AppData\Local\Programs\MiKTeX\tex/latex/booktabs\booktabs.sty
Package: booktabs 2020/01/12 v1.61803398 Publication quality tables
\heavyrulewidth=\dimen294
\lightrulewidth=\dimen295
\cmidrulewidth=\dimen296
\belowrulesep=\dimen297
\belowbottomsep=\dimen298
\aboverulesep=\dimen299
\abovetopsep=\dimen300
\cmidrulesep=\dimen301
\cmidrulekern=\dimen302
\defaultaddspace=\dimen303
\@cmidla=\count341
\@cmidlb=\count342
\@aboverulesep=\dimen304
\@belowrulesep=\dimen305
\@thisruleclass=\count343
\@lastruleclass=\count344
\@thisrulewidth=\dimen306
) (C:\Users\Dennis van den Berg\AppData\Local\Programs\MiKTeX\tex/latex/colortbl\colortbl.sty
Package: colortbl 2024/10/29 v1.0k Color table columns (DPC)
 (C:\Users\Dennis van den Berg\AppData\Local\Programs\MiKTeX\tex/latex/tools\array.sty
Package: array 2025/09/25 v2.6n Tabular extension package (FMi)
\col@sep=\dimen307
\ar@mcellbox=\box84
\extrarowheight=\dimen308
\NC@list=\toks41
\extratabsurround=\skip72
\backup@length=\skip73
\ar@cellbox=\box85
)
\everycr=\toks42
\minrowclearance=\skip74
\rownum=\count345
) (C:\Users\Dennis van den Berg\AppData\Local\Programs\MiKTeX\tex/latex/base\inputenc.sty
Package: inputenc 2024/02/08 v1.3d Input encoding file
\inpenc@prehook=\toks43
\inpenc@posthook=\toks44
) (C:\Users\Dennis van den Berg\AppData\Local\Programs\MiKTeX\tex/latex/biblatex\biblatex.sty
Package: biblatex 2025/07/10 v3.21 programmable bibliographies (PK/MW)
 (C:\Users\Dennis van den Berg\AppData\Local\Programs\MiKTeX\tex/latex/logreq\logreq.sty
Package: logreq 2010/08/04 v1.0 xml request logger
\lrq@indent=\count346
 (C:\Users\Dennis van den Berg\AppData\Local\Programs\MiKTeX\tex/latex/logreq\logreq.def
File: logreq.def 2010/08/04 v1.0 logreq spec v1.0
)) (C:\Users\Dennis van den Berg\AppData\Local\Programs\MiKTeX\tex/latex/base\ifthen.sty
Package: ifthen 2024/03/16 v1.1e Standard LaTeX ifthen package (DPC)
)
\c@tabx@nest=\count347
\c@listtotal=\count348
\c@listcount=\count349
\c@liststart=\count350
\c@liststop=\count351
\c@citecount=\count352
\c@citetotal=\count353
\c@multicitecount=\count354
\c@multicitetotal=\count355
\c@instcount=\count356
\c@maxnames=\count357
\c@minnames=\count358
\c@maxitems=\count359
\c@minitems=\count360
\c@citecounter=\count361
\c@maxcitecounter=\count362
\c@savedcitecounter=\count363
\c@uniquelist=\count364
\c@uniquename=\count365
\c@refsection=\count366
\c@refsegment=\count367
\c@maxextratitle=\count368
\c@maxextratitleyear=\count369
\c@maxextraname=\count370
\c@maxextradate=\count371
\c@maxextraalpha=\count372
\c@abbrvpenalty=\count373
\c@highnamepenalty=\count374
\c@lownamepenalty=\count375
\c@maxparens=\count376
\c@parenlevel=\count377
\blx@tempcnta=\count378
\blx@tempcntb=\count379
\blx@tempcntc=\count380
\c@blx@maxsection=\count381
\blx@maxsegment@0=\count382
\blx@notetype=\count383
\blx@parenlevel@text=\count384
\blx@parenlevel@foot=\count385
\blx@sectionciteorder@0=\count386
\blx@sectionciteorderinternal@0=\count387
\blx@entrysetcounter=\count388
\blx@biblioinstance=\count389
\labelnumberwidth=\skip75
\labelalphawidth=\skip76
\biblabelsep=\skip77
\bibitemsep=\skip78
\bibnamesep=\skip79
\bibinitsep=\skip80
\bibparsep=\skip81
\bibhang=\skip82
\blx@bcfin=\read4
\blx@bcfout=\write5
\blx@langwohyphens=\language79
\c@mincomprange=\count390
\c@maxcomprange=\count391
\c@mincompwidth=\count392
Package biblatex Info: Trying to load biblatex default data model...
Package biblatex Info: ... file 'blx-dm.def' found.
 (C:\Users\Dennis van den Berg\AppData\Local\Programs\MiKTeX\tex/latex/biblatex\blx-dm.def
File: blx-dm.def 2025/07/10 v3.21 biblatex datamodel (PK/MW)
)
Package biblatex Info: Trying to load biblatex custom data model...
Package biblatex Info: ... file 'biblatex-dm.cfg' not found.
\c@afterword=\count393
\c@savedafterword=\count394
\c@annotator=\count395
\c@savedannotator=\count396
\c@author=\count397
\c@savedauthor=\count398
\c@bookauthor=\count399
\c@savedbookauthor=\count400
\c@commentator=\count401
\c@savedcommentator=\count402
\c@editor=\count403
\c@savededitor=\count404
\c@editora=\count405
\c@savededitora=\count406
\c@editorb=\count407
\c@savededitorb=\count408
\c@editorc=\count409
\c@savededitorc=\count410
\c@foreword=\count411
\c@savedforeword=\count412
\c@holder=\count413
\c@savedholder=\count414
\c@introduction=\count415
\c@savedintroduction=\count416
\c@namea=\count417
\c@savednamea=\count418
\c@nameb=\count419
\c@savednameb=\count420
\c@namec=\count421
\c@savednamec=\count422
\c@translator=\count423
\c@savedtranslator=\count424
\c@shortauthor=\count425
\c@savedshortauthor=\count426
\c@shorteditor=\count427
\c@savedshorteditor=\count428
\c@labelname=\count429
\c@savedlabelname=\count430
\c@institution=\count431
\c@savedinstitution=\count432
\c@lista=\count433
\c@savedlista=\count434
\c@listb=\count435
\c@savedlistb=\count436
\c@listc=\count437
\c@savedlistc=\count438
\c@listd=\count439
\c@savedlistd=\count440
\c@liste=\count441
\c@savedliste=\count442
\c@listf=\count443
\c@savedlistf=\count444
\c@location=\count445
\c@savedlocation=\count446
\c@organization=\count447
\c@savedorganization=\count448
\c@origlocation=\count449
\c@savedoriglocation=\count450
\c@origpublisher=\count451
\c@savedorigpublisher=\count452
\c@publisher=\count453
\c@savedpublisher=\count454
\c@language=\count455
\c@savedlanguage=\count456
\c@origlanguage=\count457
\c@savedoriglanguage=\count458
\c@pageref=\count459
\c@savedpageref=\count460
\shorthandwidth=\skip83
\shortjournalwidth=\skip84
\shortserieswidth=\skip85
\shorttitlewidth=\skip86
\shortauthorwidth=\skip87
\shorteditorwidth=\skip88
\locallabelnumberwidth=\skip89
\locallabelalphawidth=\skip90
\localshorthandwidth=\skip91
\localshortjournalwidth=\skip92
\localshortserieswidth=\skip93
\localshorttitlewidth=\skip94
\localshortauthorwidth=\skip95
\localshorteditorwidth=\skip96
Package biblatex Info: Trying to load compatibility code...
Package biblatex Info: ... file 'blx-compat.def' found.
 (C:\Users\Dennis van den Berg\AppData\Local\Programs\MiKTeX\tex/latex/biblatex\blx-compat.def
File: blx-compat.def 2025/07/10 v3.21 biblatex compatibility (PK/MW)
)
Package biblatex Info: Trying to load generic definitions...
Package biblatex Info: ... file 'biblatex.def' found.
 (C:\Users\Dennis van den Berg\AppData\Local\Programs\MiKTeX\tex/latex/biblatex\biblatex.def
File: biblatex.def 2025/07/10 v3.21 biblatex compatibility (PK/MW)
\c@textcitecount=\count461
\c@textcitetotal=\count462
\c@textcitemaxnames=\count463
\c@biburlbigbreakpenalty=\count464
\c@biburlbreakpenalty=\count465
\c@biburlnumpenalty=\count466
\c@biburlucpenalty=\count467
\c@biburllcpenalty=\count468
\biburlbigskip=\muskip18
\biburlnumskip=\muskip19
\biburlucskip=\muskip20
\biburllcskip=\muskip21
\c@smartand=\count469
)
Package biblatex Info: Trying to load bibliography style 'numeric'...
Package biblatex Info: ... file 'numeric.bbx' found.
 (C:\Users\Dennis van den Berg\AppData\Local\Programs\MiKTeX\tex/latex/biblatex/bbx\numeric.bbx
File: numeric.bbx 2025/07/10 v3.21 biblatex bibliography style (PK/MW)
Package biblatex Info: Trying to load bibliography style 'standard'...
Package biblatex Info: ... file 'standard.bbx' found.
 (C:\Users\Dennis van den Berg\AppData\Local\Programs\MiKTeX\tex/latex/biblatex/bbx\standard.bbx
File: standard.bbx 2025/07/10 v3.21 biblatex bibliography style (PK/MW)
\c@bbx:relatedcount=\count470
\c@bbx:relatedtotal=\count471
))
Package biblatex Info: Trying to load citation style 'numeric'...
Package biblatex Info: ... file 'numeric.cbx' found.
 (C:\Users\Dennis van den Berg\AppData\Local\Programs\MiKTeX\tex/latex/biblatex/cbx\numeric.cbx
File: numeric.cbx 2025/07/10 v3.21 biblatex citation style (PK/MW)
Package biblatex Info: Redefining '\cite'.
Package biblatex Info: Redefining '\parencite'.
Package biblatex Info: Redefining '\footcite'.
Package biblatex Info: Redefining '\footcitetext'.
Package biblatex Info: Redefining '\smartcite'.
Package biblatex Info: Redefining '\supercite'.
Package biblatex Info: Redefining '\textcite'.
Package biblatex Info: Redefining '\textcites'.
Package biblatex Info: Redefining '\cites'.
Package biblatex Info: Redefining '\parencites'.
Package biblatex Info: Redefining '\smartcites'.
)
Package biblatex Info: Trying to load configuration file...
Package biblatex Info: ... file 'biblatex.cfg' found.
 (C:\Users\Dennis van den Berg\AppData\Local\Programs\MiKTeX\tex/latex/biblatex\biblatex.cfg
File: biblatex.cfg 
)
Package biblatex Info: Input encoding 'utf8' detected.
Package biblatex Info: Document encoding is UTF8 ....
 (C:\Users\Dennis van den Berg\AppData\Local\Programs\MiKTeX\tex/latex/l3kernel\expl3.sty
Package: expl3 2026-01-19 L3 programming layer (loader) 
 (C:\Users\Dennis van den Berg\AppData\Local\Programs\MiKTeX\tex/latex/l3backend\l3backend-pdftex.def
File: l3backend-pdftex.def 2025-10-09 L3 backend support: PDF output (pdfTeX)
\l__color_backend_stack_int=\count472
))
Package biblatex Info: ... and expl3
(biblatex)             2026-01-19 L3 programming layer (loader) 
(biblatex)             is new enough (at least 2020/04/06),
(biblatex)             setting 'casechanger=expl3'.
 (C:\Users\Dennis van den Berg\AppData\Local\Programs\MiKTeX\tex/latex/biblatex\blx-case-expl3.sty (C:\Users\Dennis van den Berg\AppData\Local\Programs\MiKTeX\tex/latex/l3packages/xparse\xparse.sty
Package: xparse 2025-10-09 L3 Experimental document command parser
)
Package: blx-case-expl3 2025/07/10 v3.21 expl3 case changing code for biblatex
)) (C:\Users\Dennis van den Berg\AppData\Local\Programs\MiKTeX\tex/latex/pdfpages\pdfpages.sty
Package: pdfpages 2025/07/23 v0.6g Insert pages of external PDF documents (AM)
 (C:\Users\Dennis van den Berg\AppData\Local\Programs\MiKTeX\tex/latex/tools\calc.sty
Package: calc 2025/03/01 v4.3b Infix arithmetic (KKT,FJ)
\calc@Acount=\count473
\calc@Bcount=\count474
\calc@Adimen=\dimen309
\calc@Bdimen=\dimen310
\calc@Askip=\skip97
\calc@Bskip=\skip98
LaTeX Info: Redefining \setlength on input line 86.
LaTeX Info: Redefining \addtolength on input line 87.
\calc@Ccount=\count475
\calc@Cskip=\skip99
) (C:\Users\Dennis van den Berg\AppData\Local\Programs\MiKTeX\tex/latex/eso-pic\eso-pic.sty
Package: eso-pic 2025/12/10 v3.0d eso-pic (RN)
\ESO@tempdima=\dimen311
\ESO@tempdimb=\dimen312
)
\AM@pagewidth=\dimen313
\AM@pageheight=\dimen314
\AM@fboxrule=\dimen315
 (C:\Users\Dennis van den Berg\AppData\Local\Programs\MiKTeX\tex/latex/pdfpages\pppdftex.def
File: pppdftex.def 2025/07/23 v0.6g Pdfpages driver for pdfTeX (AM)
)
\pdfpages@includegraphics@status=\count476
\AM@pagebox=\box86
\AM@global@opts=\toks45
\AM@pagecnt=\count477
\AM@toc@title=\toks46
\AM@lof@heading=\toks47
\c@AM@survey=\count478
\AM@templatesizebox=\box87
) (C:\Users\Dennis van den Berg\AppData\Local\Programs\MiKTeX\tex/latex/gensymb\gensymb.sty
Package: gensymb 2022/10/17 v1.0.2 (KJH)
) (C:\Users\Dennis van den Berg\AppData\Local\Programs\MiKTeX\tex/latex/amsmath\amsmath.sty
Package: amsmath 2025/07/09 v2.17z AMS math features
\@mathmargin=\skip100

For additional information on amsmath, use the `?' option.
(C:\Users\Dennis van den Berg\AppData\Local\Programs\MiKTeX\tex/latex/amsmath\amstext.sty
Package: amstext 2024/11/17 v2.01 AMS text
 (C:\Users\Dennis van den Berg\AppData\Local\Programs\MiKTeX\tex/latex/amsmath\amsgen.sty
File: amsgen.sty 1999/11/30 v2.0 generic functions
\@emptytoks=\toks48
\ex@=\dimen316
)) (C:\Users\Dennis van den Berg\AppData\Local\Programs\MiKTeX\tex/latex/amsmath\amsbsy.sty
Package: amsbsy 1999/11/29 v1.2d Bold Symbols
\pmbraise@=\dimen317
) (C:\Users\Dennis van den Berg\AppData\Local\Programs\MiKTeX\tex/latex/amsmath\amsopn.sty
Package: amsopn 2022/04/08 v2.04 operator names
)
\inf@bad=\count479
LaTeX Info: Redefining \frac on input line 233.
\uproot@=\count480
\leftroot@=\count481
LaTeX Info: Redefining \overline on input line 398.
LaTeX Info: Redefining \colon on input line 409.
\classnum@=\count482
\DOTSCASE@=\count483
LaTeX Info: Redefining \ldots on input line 495.
LaTeX Info: Redefining \dots on input line 498.
LaTeX Info: Redefining \cdots on input line 619.
\Mathstrutbox@=\box88
\strutbox@=\box89
LaTeX Info: Redefining \big on input line 721.
LaTeX Info: Redefining \Big on input line 722.
LaTeX Info: Redefining \bigg on input line 723.
LaTeX Info: Redefining \Bigg on input line 724.
\big@size=\dimen318
LaTeX Font Info:    Redeclaring font encoding OML on input line 742.
LaTeX Font Info:    Redeclaring font encoding OMS on input line 743.
\macc@depth=\count484
LaTeX Info: Redefining \bmod on input line 904.
LaTeX Info: Redefining \pmod on input line 909.
LaTeX Info: Redefining \smash on input line 939.
LaTeX Info: Redefining \relbar on input line 969.
LaTeX Info: Redefining \Relbar on input line 970.
\c@MaxMatrixCols=\count485
\dotsspace@=\muskip22
\c@parentequation=\count486
\dspbrk@lvl=\count487
\tag@help=\toks49
\row@=\count488
\column@=\count489
\maxfields@=\count490
\andhelp@=\toks50
\eqnshift@=\dimen319
\alignsep@=\dimen320
\tagshift@=\dimen321
\tagwidth@=\dimen322
\totwidth@=\dimen323
\lineht@=\dimen324
\@envbody=\toks51
\multlinegap=\skip101
\multlinetaggap=\skip102
\mathdisplay@stack=\toks52
LaTeX Info: Redefining \[ on input line 2950.
LaTeX Info: Redefining \] on input line 2951.
) (C:\Users\Dennis van den Berg\AppData\Local\Programs\MiKTeX\tex/latex/todonotes\todonotes.sty
Package: todonotes 2024/01/05 v1.1.7 Todonotes source and documentation.
Package: todonotes 2024/01/05
 (C:\Users\Dennis van den Berg\AppData\Local\Programs\MiKTeX\tex/latex/xkeyval\xkeyval.sty
Package: xkeyval 2022/06/16 v2.9 package option processing (HA)
 (C:\Users\Dennis van den Berg\AppData\Local\Programs\MiKTeX\tex/generic/xkeyval\xkeyval.tex (C:\Users\Dennis van den Berg\AppData\Local\Programs\MiKTeX\tex/generic/xkeyval\xkvutils.tex
\XKV@toks=\toks53
\XKV@tempa@toks=\toks54
)
\XKV@depth=\count491
File: xkeyval.tex 2014/12/03 v2.7a key=value parser (HA)
))
\c@@todonotes@numberoftodonotes=\count492
) (C:\Users\Dennis van den Berg\AppData\Local\Programs\MiKTeX\tex/latex/tools\tabularx.sty
Package: tabularx 2023/12/11 v2.12a `tabularx' package (DPC)
\TX@col@width=\dimen325
\TX@old@table=\dimen326
\TX@old@col=\dimen327
\TX@target=\dimen328
\TX@delta=\dimen329
\TX@cols=\count493
\TX@ftn=\toks55
) (C:\Users\Dennis van den Berg\AppData\Local\Programs\MiKTeX\tex/latex/enumitem\enumitem.sty
Package: enumitem 2025/02/06 v3.11 Customized lists
\labelindent=\skip103
\enit@outerparindent=\dimen330
\enit@toks=\toks56
\enit@inbox=\box90
\enit@count@id=\count494
\enitdp@description=\count495
) (C:\Users\Dennis van den Berg\AppData\Local\Programs\MiKTeX\tex/latex/pgfplots\pgfplots.sty (C:\Users\Dennis van den Berg\AppData\Local\Programs\MiKTeX\tex/generic/pgfplots\pgfplots.revision.tex)
Package: pgfplots 2021/05/15 v1.18.1 Data Visualization (1.18.1)
 (C:\Users\Dennis van den Berg\AppData\Local\Programs\MiKTeX\tex/generic/pgfplots\pgfplots.code.tex (C:\Users\Dennis van den Berg\AppData\Local\Programs\MiKTeX\tex/generic/pgfplots\pgfplotscore.code.tex
\t@pgfplots@toka=\toks57
\t@pgfplots@tokb=\toks58
\t@pgfplots@tokc=\toks59
\pgfplots@tmpa=\dimen331
\c@pgfplots@coordindex=\count496
\c@pgfplots@scanlineindex=\count497
 (C:\Users\Dennis van den Berg\AppData\Local\Programs\MiKTeX\tex/generic/pgfplots/sys\pgfplotssysgeneric.code.tex)) (C:\Users\Dennis van den Berg\AppData\Local\Programs\MiKTeX\tex/generic/pgfplots/libs\pgfplotslibrary.code.tex) (C:\Users\Dennis van den Berg\AppData\Local\Programs\MiKTeX\tex/generic/pgfplots/oldpgfcompatib\pgfplotsoldpgfsupp_loader.code.tex (C:\Users\Dennis van den Berg\AppData\Local\Programs\MiKTeX\tex/generic/pgf/libraries\pgflibraryfpu.code.tex)
Package pgfplots: loading complementary utilities for your pgf version...
\t@pgf@toka=\toks60
\t@pgf@tokb=\toks61
\t@pgf@tokc=\toks62
(C:\Users\Dennis van den Berg\AppData\Local\Programs\MiKTeX\tex/generic/pgfplots/oldpgfcompatib\pgfplotsoldpgfsupp_pgfutil-common-lists.tex)) (C:\Users\Dennis van den Berg\AppData\Local\Programs\MiKTeX\tex/generic/pgfplots/util\pgfplotsutil.code.tex (C:\Users\Dennis van den Berg\AppData\Local\Programs\MiKTeX\tex/generic/pgfplots/liststructure\pgfplotsliststructure.code.tex) (C:\Users\Dennis van den Berg\AppData\Local\Programs\MiKTeX\tex/generic/pgfplots/liststructure\pgfplotsliststructureext.code.tex) (C:\Users\Dennis van den Berg\AppData\Local\Programs\MiKTeX\tex/generic/pgfplots/liststructure\pgfplotsarray.code.tex
\c@pgfplotsarray@tmp=\count498
) (C:\Users\Dennis van den Berg\AppData\Local\Programs\MiKTeX\tex/generic/pgfplots/liststructure\pgfplotsmatrix.code.tex) (C:\Users\Dennis van den Berg\AppData\Local\Programs\MiKTeX\tex/generic/pgfplots/numtable\pgfplotstableshared.code.tex
\c@pgfplotstable@counta=\count499
\t@pgfplotstable@a=\toks63
) (C:\Users\Dennis van den Berg\AppData\Local\Programs\MiKTeX\tex/generic/pgfplots/liststructure\pgfplotsdeque.code.tex) (C:\Users\Dennis van den Berg\AppData\Local\Programs\MiKTeX\tex/generic/pgfplots/util\pgfplotsbinary.code.tex (C:\Users\Dennis van den Berg\AppData\Local\Programs\MiKTeX\tex/generic/pgfplots/util\pgfplotsbinary.data.code.tex)) (C:\Users\Dennis van den Berg\AppData\Local\Programs\MiKTeX\tex/generic/pgfplots/util\pgfplotsutil.verb.code.tex) (C:\Users\Dennis van den Berg\AppData\Local\Programs\MiKTeX\tex/generic/pgfplots/libs\pgflibrarypgfplots.surfshading.code.tex
\c@pgfplotslibrarysurf@no=\count500
 (C:\Users\Dennis van den Berg\AppData\Local\Programs\MiKTeX\tex/generic/pgfplots/sys\pgflibrarypgfplots.surfshading.pgfsys-pdftex.def))) (C:\Users\Dennis van den Berg\AppData\Local\Programs\MiKTeX\tex/generic/pgfplots/util\pgfplotscolormap.code.tex (C:\Users\Dennis van den Berg\AppData\Local\Programs\MiKTeX\tex/generic/pgfplots/util\pgfplotscolor.code.tex)) (C:\Users\Dennis van den Berg\AppData\Local\Programs\MiKTeX\tex/generic/pgfplots\pgfplotsstackedplots.code.tex) (C:\Users\Dennis van den Berg\AppData\Local\Programs\MiKTeX\tex/generic/pgfplots\pgfplotsplothandlers.code.tex (C:\Users\Dennis van den Berg\AppData\Local\Programs\MiKTeX\tex/generic/pgfplots\pgfplotsmeshplothandler.code.tex (C:\Users\Dennis van den Berg\AppData\Local\Programs\MiKTeX\tex/generic/pgfplots\pgfplotsmeshplotimage.code.tex))) (C:\Users\Dennis van den Berg\AppData\Local\Programs\MiKTeX\tex/generic/pgfplots\pgfplots.scaling.code.tex) (C:\Users\Dennis van den Berg\AppData\Local\Programs\MiKTeX\tex/generic/pgfplots\pgfplotscoordprocessing.code.tex) (C:\Users\Dennis van den Berg\AppData\Local\Programs\MiKTeX\tex/generic/pgfplots\pgfplots.errorbars.code.tex) (C:\Users\Dennis van den Berg\AppData\Local\Programs\MiKTeX\tex/generic/pgfplots\pgfplots.markers.code.tex) (C:\Users\Dennis van den Berg\AppData\Local\Programs\MiKTeX\tex/generic/pgfplots\pgfplotsticks.code.tex) (C:\Users\Dennis van den Berg\AppData\Local\Programs\MiKTeX\tex/generic/pgfplots\pgfplots.paths.code.tex) (C:\Users\Dennis van den Berg\AppData\Local\Programs\MiKTeX\tex/generic/pgf/frontendlayer/tikz/libraries\tikzlibrarydecorations.code.tex (C:\Users\Dennis van den Berg\AppData\Local\Programs\MiKTeX\tex/generic/pgf/modules\pgfmoduledecorations.code.tex
\pgfdecoratedcompleteddistance=\dimen332
\pgfdecoratedremainingdistance=\dimen333
\pgfdecoratedinputsegmentcompleteddistance=\dimen334
\pgfdecoratedinputsegmentremainingdistance=\dimen335
\pgf@decorate@distancetomove=\dimen336
\pgf@decorate@repeatstate=\count501
\pgfdecorationsegmentamplitude=\dimen337
\pgfdecorationsegmentlength=\dimen338
)
\tikz@lib@dec@box=\box91
) (C:\Users\Dennis van den Berg\AppData\Local\Programs\MiKTeX\tex/generic/pgf/frontendlayer/tikz/libraries\tikzlibrarydecorations.pathmorphing.code.tex (C:\Users\Dennis van den Berg\AppData\Local\Programs\MiKTeX\tex/generic/pgf/libraries/decorations\pgflibrarydecorations.pathmorphing.code.tex)) (C:\Users\Dennis van den Berg\AppData\Local\Programs\MiKTeX\tex/generic/pgf/frontendlayer/tikz/libraries\tikzlibrarydecorations.pathreplacing.code.tex (C:\Users\Dennis van den Berg\AppData\Local\Programs\MiKTeX\tex/generic/pgf/libraries/decorations\pgflibrarydecorations.pathreplacing.code.tex)) (C:\Users\Dennis van den Berg\AppData\Local\Programs\MiKTeX\tex/generic/pgfplots/libs\tikzlibrarypgfplots.contourlua.code.tex)
\pgfplots@numplots=\count502
\pgfplots@xmin@reg=\dimen339
\pgfplots@xmax@reg=\dimen340
\pgfplots@ymin@reg=\dimen341
\pgfplots@ymax@reg=\dimen342
\pgfplots@zmin@reg=\dimen343
\pgfplots@zmax@reg=\dimen344
) (C:\Users\Dennis van den Berg\AppData\Local\Programs\MiKTeX\tex/generic/pgf/frontendlayer/tikz/libraries\tikzlibraryplotmarks.code.tex
File: tikzlibraryplotmarks.code.tex 2025-08-29 v3.1.11a (3.1.11a)
 (C:\Users\Dennis van den Berg\AppData\Local\Programs\MiKTeX\tex/generic/pgf/libraries\pgflibraryplotmarks.code.tex
File: pgflibraryplotmarks.code.tex 2025-08-29 v3.1.11a (3.1.11a)
))))
\@quotelevel=\count503
\@quotereset=\count504
 (main.aux)
\openout1 = `main.aux'.

LaTeX Font Info:    Checking defaults for OML/cmm/m/it on input line 4.
LaTeX Font Info:    ... okay on input line 4.
LaTeX Font Info:    Checking defaults for OMS/cmsy/m/n on input line 4.
LaTeX Font Info:    ... okay on input line 4.
LaTeX Font Info:    Checking defaults for OT1/cmr/m/n on input line 4.
LaTeX Font Info:    ... okay on input line 4.
LaTeX Font Info:    Checking defaults for T1/cmr/m/n on input line 4.
LaTeX Font Info:    ... okay on input line 4.
LaTeX Font Info:    Checking defaults for TS1/cmr/m/n on input line 4.
LaTeX Font Info:    ... okay on input line 4.
LaTeX Font Info:    Checking defaults for OMX/cmex/m/n on input line 4.
LaTeX Font Info:    ... okay on input line 4.
LaTeX Font Info:    Checking defaults for U/cmr/m/n on input line 4.
LaTeX Font Info:    ... okay on input line 4.
LaTeX Font Info:    Checking defaults for PD1/pdf/m/n on input line 4.
LaTeX Font Info:    ... okay on input line 4.
LaTeX Font Info:    Checking defaults for PU/pdf/m/n on input line 4.
LaTeX Font Info:    ... okay on input line 4.
 (C:\Users\Dennis van den Berg\AppData\Local\Programs\MiKTeX\tex/context/base/mkii\supp-pdf.mkii
[Loading MPS to PDF converter (version 2006.09.02).]
\scratchcounter=\count505
\scratchdimen=\dimen345
\scratchbox=\box92
\nofMPsegments=\count506
\nofMParguments=\count507
\everyMPshowfont=\toks64
\MPscratchCnt=\count508
\MPscratchDim=\dimen346
\MPnumerator=\count509
\makeMPintoPDFobject=\count510
\everyMPtoPDFconversion=\toks65
) (C:\Users\Dennis van den Berg\AppData\Local\Programs\MiKTeX\tex/latex/epstopdf-pkg\epstopdf-base.sty
Package: epstopdf-base 2020-01-24 v2.11 Base part for package epstopdf
Package epstopdf-base Info: Redefining graphics rule for `.eps' on input line 485.
 (C:\Users\Dennis van den Berg\AppData\Local\Programs\MiKTeX\tex/latex/00miktex\epstopdf-sys.cfg
File: epstopdf-sys.cfg 2021/03/18 v2.0 Configuration of epstopdf for MiKTeX
))
\c@lstlisting=\count511
Package hyperref Info: Link coloring OFF on input line 4.
 (main.out) (main.out)
\@outlinefile=\write6
\openout6 = `main.out'.

Package caption Info: Begin \AtBeginDocument code.
Package caption Info: longtable package is loaded.
 (C:\Users\Dennis van den Berg\AppData\Local\Programs\MiKTeX\tex/latex/caption\ltcaption.sty
Package: ltcaption 2021/01/08 v1.4c longtable captions (AR)
)
Package caption Info: End \AtBeginDocument code.

*geometry* driver: auto-detecting
*geometry* detected driver: pdftex
*geometry* verbose mode - [ preamble ] result:
* driver: pdftex
* paper: a4paper
* layout: <same size as paper>
* layoutoffset:(h,v)=(0.0pt,0.0pt)
* modes: twoside 
* h-part:(L,W,R)=(56.9055pt, 483.69687pt, 56.9055pt)
* v-part:(T,H,B)=(56.9055pt, 660.10394pt, 128.0374pt)
* \paperwidth=597.50787pt
* \paperheight=845.04684pt
* \textwidth=483.69687pt
* \textheight=660.10394pt
* \oddsidemargin=-15.36449pt
* \evensidemargin=-15.36449pt
* \topmargin=-52.36449pt
* \headheight=79.91502pt
* \headsep=20.0pt
* \topskip=10.0pt
* \footskip=30.0pt
* \marginparwidth=111.0pt
* \marginparsep=11.0pt
* \columnsep=10.0pt
* \skip\footins=9.0pt plus 4.0pt minus 2.0pt
* \hoffset=0.0pt
* \voffset=0.0pt
* \mag=1000
* \@twocolumnfalse
* \@twosidetrue
* \@mparswitchtrue
* \@reversemarginfalse
* (1in=72.27pt=25.4mm, 1cm=28.453pt)

Package biblatex Info: Trying to load language 'english'...
Package biblatex Info: ... file 'english.lbx' found.
(C:\Users\Dennis van den Berg\AppData\Local\Programs\MiKTeX\tex/latex/biblatex/lbx\english.lbx
File: english.lbx 2025/07/10 v3.21 biblatex localization (PK/MW)
)
Package biblatex Info: Input encoding 'utf8' detected.
Package biblatex Info: Automatic encoding selection.
(biblatex)             Assuming data encoding 'utf8'.
\openout5 = `main.bcf'.

Package biblatex Info: Trying to load bibliographic data...
Package biblatex Info: ... file 'main.bbl' found.
 (main.bbl

Package biblatex Warning: The following entry could not be found
(biblatex)                in the database:
(biblatex)                ublox_x20p_interface
(biblatex)                Please verify the spelling and rerun
(biblatex)                LaTeX afterwards.

)
Package biblatex Info: Reference section=0 on input line 4.
Package biblatex Info: Reference segment=0 on input line 4.
 (C:\Users\Dennis van den Berg\AppData\Local\Programs\MiKTeX\tex/latex/pdflscape\pdflscape.sty
Package: pdflscape 2022-10-27 v0.13 Display of landscape pages in PDF
 (C:\Users\Dennis van den Berg\AppData\Local\Programs\MiKTeX\tex/latex/pdflscape\pdflscape-nometadata.sty
Package: pdflscape-nometadata 2022-10-28 v0.13 Display of landscape pages in PDF (HO)
 (C:\Users\Dennis van den Berg\AppData\Local\Programs\MiKTeX\tex/latex/graphics\lscape.sty
Package: lscape 2020/05/28 v3.02 Landscape Pages (DPC)
)
Package pdflscape Info: Auto-detected driver: pdftex on input line 81.
))
\symgns@font=\mathgroup4
LaTeX Font Info:    Overwriting symbol font `gns@font' in version `bold'
(Font)                  TS1/cmr/m/n --> TS1/cmr/b/n on input line 4.
Package gensymb Info: Math companion symbols declared on input line 4.
LaTeX Info: Redefining \degree on input line 4.
LaTeX Info: Redefining \celsius on input line 4.
Package gensymb Info: Using text companion symbols for \degree, \celsius and \perthousand on input line 4.
LaTeX Info: Redefining \ohm on input line 4.
Package gensymb Info: Using \textohm for \ohm on input line 4.
Package gensymb Info: Using \textmu for \micro on input line 4.


Package pgfplots Warning: running in backwards compatibility mode (unsuitable tick labels; missing features). Consider writing \pgfplotsset{compat=1.18} into your preamble.
 on input line 4.

(titlepage.tex
<logos/HvA Internationaal.jpg, id=193, 337.7418pt x 133.2177pt>
File: logos/HvA Internationaal.jpg Graphic file (type jpg)
<use logos/HvA Internationaal.jpg>
Package pdftex.def Info: logos/HvA Internationaal.jpg  used on input line 8.
(pdftex.def)             Requested size: 483.69687pt x 190.79866pt.
 [1

{C:/Users/Dennis van den Berg/AppData/Local/MiKTeX/fonts/map/pdftex/pdftex.map} <./logos/HvA Internationaal.jpg>]) (voorwoord.tex
File: logos/HvA Internationaal.jpg Graphic file (type jpg)
<use logos/HvA Internationaal.jpg>
Package pdftex.def Info: logos/HvA Internationaal.jpg  used on input line 4.
(pdftex.def)             Requested size: 193.47578pt x 76.31499pt.
 [2]
File: logos/HvA Internationaal.jpg Graphic file (type jpg)
<use logos/HvA Internationaal.jpg>
Package pdftex.def Info: logos/HvA Internationaal.jpg  used on input line 12.
(pdftex.def)             Requested size: 193.47578pt x 76.31499pt.
 [3]) (main.toc
File: logos/HvA Internationaal.jpg Graphic file (type jpg)
<use logos/HvA Internationaal.jpg>
Package pdftex.def Info: logos/HvA Internationaal.jpg  used on input line 45.
(pdftex.def)             Requested size: 193.47578pt x 76.31499pt.
 [4])
\tf@toc=\write7
\openout7 = `main.toc'.

File: logos/HvA Internationaal.jpg Graphic file (type jpg)
<use logos/HvA Internationaal.jpg>
Package pdftex.def Info: logos/HvA Internationaal.jpg  used on input line 11.
(pdftex.def)             Requested size: 193.47578pt x 76.31499pt.
 [5] (inleiding.tex
Underfull \hbox (badness 10000) in paragraph at lines 6--11

 []


Underfull \hbox (badness 10000) in paragraph at lines 12--19

 []


Underfull \hbox (badness 10000) in paragraph at lines 20--22

 []


Underfull \hbox (badness 10000) in paragraph at lines 23--27

 []


Underfull \hbox (badness 10000) in paragraph at lines 28--30

 []


Underfull \hbox (badness 10000) in paragraph at lines 33--34

 []

File: logos/HvA Internationaal.jpg Graphic file (type jpg)
<use logos/HvA Internationaal.jpg>
Package pdftex.def Info: logos/HvA Internationaal.jpg  used on input line 37.
(pdftex.def)             Requested size: 193.47578pt x 76.31499pt.
[6

]) (huidig_sys.tex
<images/tracker.jpg, id=281, 3190.92125pt x 1742.51pt>
File: images/tracker.jpg Graphic file (type jpg)
<use images/tracker.jpg>
Package pdftex.def Info: images/tracker.jpg  used on input line 12.
(pdftex.def)             Requested size: 232.17242pt x 126.7741pt.

Underfull \hbox (badness 6157) in paragraph at lines 13--13
[][]|\OT1/cmr/bx/n/9 Pro-to-type van het te on-twikke-len
 []

<images/binnenkant_tracker.jpg, id=282, 3186.90625pt x 2231.33624pt>
File: images/binnenkant_tracker.jpg Graphic file (type jpg)
<use images/binnenkant_tracker.jpg>
Package pdftex.def Info: images/binnenkant_tracker.jpg  used on input line 19.
(pdftex.def)             Requested size: 203.1518pt x 142.216pt.

Underfull \hbox (badness 1038) in paragraph at lines 57--57
[]|\OT1/cmr/m/n/10 Nordic Semi-con-duc-tor nRF52832, ARM
 []


Underfull \hbox (badness 1242) in paragraph at lines 57--57
[]|\OT1/cmr/m/n/10 Verwerkt alle sen-sor-data en draait het
 []


Underfull \hbox (badness 1527) in paragraph at lines 57--57
[]|\OT1/cmr/m/n/10 Communicatie met timing-in-fras-truc-tuur;
 []

<images/schema_tracker.png, id=288, 817.3737pt x 260.8947pt>
File: images/schema_tracker.png Graphic file (type png)
<use images/schema_tracker.png>
Package pdftex.def Info: images/schema_tracker.png  used on input line 67.
(pdftex.def)             Requested size: 483.69687pt x 154.39229pt.
File: logos/HvA Internationaal.jpg Graphic file (type jpg)
<use logos/HvA Internationaal.jpg>
Package pdftex.def Info: logos/HvA Internationaal.jpg  used on input line 71.
(pdftex.def)             Requested size: 193.47578pt x 76.31499pt.
[7 <./images/tracker.jpg> <./images/binnenkant_tracker.jpg>]
Underfull \hbox (badness 10000) in paragraph at lines 74--75

 []


Underfull \hbox (badness 10000) in paragraph at lines 77--78

 []


Underfull \hbox (badness 10000) in paragraph at lines 84--85

 []


Underfull \hbox (badness 10000) in paragraph at lines 86--87

 []


Underfull \hbox (badness 10000) in paragraph at lines 88--89

 []


Underfull \hbox (badness 10000) in paragraph at lines 90--91

 []

File: logos/HvA Internationaal.jpg Graphic file (type jpg)
<use logos/HvA Internationaal.jpg>
Package pdftex.def Info: logos/HvA Internationaal.jpg  used on input line 92.
(pdftex.def)             Requested size: 193.47578pt x 76.31499pt.
[8 <./images/schema_tracker.png>]) (vooronderzoek.tex
File: logos/HvA Internationaal.jpg Graphic file (type jpg)
<use logos/HvA Internationaal.jpg>
Package pdftex.def Info: logos/HvA Internationaal.jpg  used on input line 28.
(pdftex.def)             Requested size: 193.47578pt x 76.31499pt.
 [9]
<images/trilateration.jpg, id=321, 510.40688pt x 370.38374pt>
File: images/trilateration.jpg Graphic file (type jpg)
<use images/trilateration.jpg>
Package pdftex.def Info: images/trilateration.jpg  used on input line 32.
(pdftex.def)             Requested size: 338.58632pt x 245.71432pt.
File: logos/HvA Internationaal.jpg Graphic file (type jpg)
<use logos/HvA Internationaal.jpg>
Package pdftex.def Info: logos/HvA Internationaal.jpg  used on input line 60.
(pdftex.def)             Requested size: 193.47578pt x 76.31499pt.
 [10 <./images/trilateration.jpg>]
File: logos/HvA Internationaal.jpg Graphic file (type jpg)
<use logos/HvA Internationaal.jpg>
Package pdftex.def Info: logos/HvA Internationaal.jpg  used on input line 72.
(pdftex.def)             Requested size: 193.47578pt x 76.31499pt.
 [11]
<images/multipath voorbeeld.png, id=357, 272.874pt x 181.77pt>
File: images/multipath voorbeeld.png Graphic file (type png)
<use images/multipath voorbeeld.png>
Package pdftex.def Info: images/multipath voorbeeld.png  used on input line 77.
(pdftex.def)             Requested size: 386.95897pt x 257.79346pt.
File: logos/HvA Internationaal.jpg Graphic file (type jpg)
<use logos/HvA Internationaal.jpg>
Package pdftex.def Info: logos/HvA Internationaal.jpg  used on input line 102.
(pdftex.def)             Requested size: 193.47578pt x 76.31499pt.
 [12 <./images/multipath voorbeeld.png (PNG copy)>]
Underfull \hbox (badness 10000) in paragraph at lines 111--112

 []


Underfull \hbox (badness 10000) in paragraph at lines 113--114

 []

<images/oriëntatie.png, id=368, 562.1pt x 493.845pt>
File: images/oriëntatie.png Graphic file (type png)
<use images/oriëntatie.png>
Package pdftex.def Info: images/oriëntatie.png  used on input line 119.
(pdftex.def)             Requested size: 241.84843pt x 212.47731pt.

Underfull \hbox (badness 5862) in paragraph at lines 140--140
[]|\OT1/cmr/m/n/10 Snelheid $\OMS/cmsy/m/n/10 !$ \OT1/cmr/m/n/10 Posi-tie
 []


Underfull \hbox (badness 10000) in paragraph at lines 140--140
\OT1/cmr/m/n/10 (enkelvoudige in-te-
 []


Underfull \hbox (badness 10000) in paragraph at lines 140--140
[]|\OT1/cmr/m/n/10 Bias-drift, kwan-ti-
 []


Underfull \hbox (badness 10000) in paragraph at lines 140--140
[]|\OT1/cmr/m/n/10 Absolute head-ing
 []


Underfull \hbox (badness 10000) in paragraph at lines 140--140
[]|\OT1/cmr/m/n/10 Lokale mag-netis-che
 []


Underfull \hbox (badness 10000) in paragraph at lines 140--140
\OT1/cmr/m/n/10 in-ter-fer-en-tie, fer-ro-
 []


Underfull \hbox (badness 10000) in paragraph at lines 145--146

 []

File: logos/HvA Internationaal.jpg Graphic file (type jpg)
<use logos/HvA Internationaal.jpg>
Package pdftex.def Info: logos/HvA Internationaal.jpg  used on input line 146.
(pdftex.def)             Requested size: 193.47578pt x 76.31499pt.
[13 <./images/oriëntatie.png (PNG copy)>]
Underfull \hbox (badness 10000) in paragraph at lines 154--155

 []

File: logos/HvA Internationaal.jpg Graphic file (type jpg)
<use logos/HvA Internationaal.jpg>
Package pdftex.def Info: logos/HvA Internationaal.jpg  used on input line 164.
(pdftex.def)             Requested size: 193.47578pt x 76.31499pt.
[14]
Underfull \hbox (badness 8000) in paragraph at lines 188--188
[]|\OT1/cmr/m/n/10 Magnetische velden (met-alen ob-
 []


Underfull \hbox (badness 10000) in paragraph at lines 210--211

 []

File: logos/HvA Internationaal.jpg Graphic file (type jpg)
<use logos/HvA Internationaal.jpg>
Package pdftex.def Info: logos/HvA Internationaal.jpg  used on input line 211.
(pdftex.def)             Requested size: 193.47578pt x 76.31499pt.
[15]
<images/kalman_filter.png, id=401, 383.7537pt x 177.7842pt>
File: images/kalman_filter.png Graphic file (type png)
<use images/kalman_filter.png>
Package pdftex.def Info: images/kalman_filter.png  used on input line 228.
(pdftex.def)             Requested size: 386.95897pt x 179.27032pt.

Underfull \hbox (badness 10000) in paragraph at lines 234--235

 []


Underfull \hbox (badness 10000) in paragraph at lines 236--237

 []

File: logos/HvA Internationaal.jpg Graphic file (type jpg)
<use logos/HvA Internationaal.jpg>
Package pdftex.def Info: logos/HvA Internationaal.jpg  used on input line 237.
(pdftex.def)             Requested size: 193.47578pt x 76.31499pt.
[16 <./images/kalman_filter.png>]
Underfull \hbox (badness 10000) in paragraph at lines 243--244

 []


Underfull \hbox (badness 10000) in paragraph at lines 297--298

 []

File: logos/HvA Internationaal.jpg Graphic file (type jpg)
<use logos/HvA Internationaal.jpg>
Package pdftex.def Info: logos/HvA Internationaal.jpg  used on input line 300.
(pdftex.def)             Requested size: 193.47578pt x 76.31499pt.
[17]
Underfull \hbox (badness 10000) in paragraph at lines 303--305

 []

File: logos/HvA Internationaal.jpg Graphic file (type jpg)
<use logos/HvA Internationaal.jpg>
Package pdftex.def Info: logos/HvA Internationaal.jpg  used on input line 346.
(pdftex.def)             Requested size: 193.47578pt x 76.31499pt.
[18]) (specificaties.tex
Underfull \hbox (badness 10000) in paragraph at lines 4--8

 []


Underfull \hbox (badness 10000) in paragraph at lines 9--12

 []


Underfull \hbox (badness 10000) in paragraph at lines 13--22

 []

<images/racetrack_gyro.png, id=455, 1535.7375pt x 670.75594pt>
File: images/racetrack_gyro.png Graphic file (type png)
<use images/racetrack_gyro.png>
Package pdftex.def Info: images/racetrack_gyro.png  used on input line 62.
(pdftex.def)             Requested size: 411.14528pt x 179.57127pt.

LaTeX Warning: `h' float specifier changed to `ht'.

<images/sha_tin.jpg, id=458, 730.73pt x 602.25pt>
File: images/sha_tin.jpg Graphic file (type jpg)
<use images/sha_tin.jpg>
Package pdftex.def Info: images/sha_tin.jpg  used on input line 78.
(pdftex.def)             Requested size: 241.84843pt x 199.32205pt.

LaTeX Warning: `h' float specifier changed to `ht'.

File: logos/HvA Internationaal.jpg Graphic file (type jpg)
<use logos/HvA Internationaal.jpg>
Package pdftex.def Info: logos/HvA Internationaal.jpg  used on input line 83.
(pdftex.def)             Requested size: 193.47578pt x 76.31499pt.
[19]
Underfull \hbox (badness 10000) in paragraph at lines 85--86

 []


Underfull \hbox (badness 10000) in paragraph at lines 87--96

 []


Underfull \hbox (badness 10000) in paragraph at lines 97--104

 []

File: logos/HvA Internationaal.jpg Graphic file (type jpg)
<use logos/HvA Internationaal.jpg>
Package pdftex.def Info: logos/HvA Internationaal.jpg  used on input line 105.
(pdftex.def)             Requested size: 193.47578pt x 76.31499pt.
[20 <./images/racetrack_gyro.png> <./images/sha_tin.jpg>]
Underfull \hbox (badness 10000) in paragraph at lines 105--110

 []

File: logos/HvA Internationaal.jpg Graphic file (type jpg)
<use logos/HvA Internationaal.jpg>
Package pdftex.def Info: logos/HvA Internationaal.jpg  used on input line 163.
(pdftex.def)             Requested size: 193.47578pt x 76.31499pt.
[21]) (systeemontwerp.tex

LaTeX Warning: Citation 'ublox_x20p_interface' on page 22 undefined on input line 8.


Underfull \hbox (badness 10000) in paragraph at lines 10--11

 []


Underfull \hbox (badness 10000) in paragraph at lines 12--13

 []


LaTeX Warning: Reference `sec:sensorfusion' on page 22 undefined on input line 23.


Underfull \hbox (badness 10000) in paragraph at lines 34--35

 []

File: logos/HvA Internationaal.jpg Graphic file (type jpg)
<use logos/HvA Internationaal.jpg>
Package pdftex.def Info: logos/HvA Internationaal.jpg  used on input line 42.
(pdftex.def)             Requested size: 193.47578pt x 76.31499pt.
[22]
Underfull \hbox (badness 10000) in paragraph at lines 60--61

 []

File: logos/HvA Internationaal.jpg Graphic file (type jpg)
<use logos/HvA Internationaal.jpg>
Package pdftex.def Info: logos/HvA Internationaal.jpg  used on input line 97.
(pdftex.def)             Requested size: 193.47578pt x 76.31499pt.
[23]
File: logos/HvA Internationaal.jpg Graphic file (type jpg)
<use logos/HvA Internationaal.jpg>
Package pdftex.def Info: logos/HvA Internationaal.jpg  used on input line 162.
(pdftex.def)             Requested size: 193.47578pt x 76.31499pt.
 [24]) (implementatie.tex
Underfull \hbox (badness 10000) in paragraph at lines 8--9

 []

<images/JTAG_Pinout.png, id=536, 242.40562pt x 441.14813pt>
File: images/JTAG_Pinout.png Graphic file (type png)
<use images/JTAG_Pinout.png>
Package pdftex.def Info: images/JTAG_Pinout.png  used on input line 14.
(pdftex.def)             Requested size: 96.73788pt x 176.05223pt.

Underfull \hbox (badness 10000) in paragraph at lines 40--41

 []

File: logos/HvA Internationaal.jpg Graphic file (type jpg)
<use logos/HvA Internationaal.jpg>
Package pdftex.def Info: logos/HvA Internationaal.jpg  used on input line 41.
(pdftex.def)             Requested size: 193.47578pt x 76.31499pt.
[25 <./images/JTAG_Pinout.png>]
Underfull \hbox (badness 10000) in paragraph at lines 42--43

 []

<images/sensorwaardes_origineel.png, id=557, 469.755pt x 161.403pt>
File: images/sensorwaardes_origineel.png Graphic file (type png)
<use images/sensorwaardes_origineel.png>
Package pdftex.def Info: images/sensorwaardes_origineel.png  used on input line 52.
(pdftex.def)             Requested size: 483.69687pt x 166.19276pt.
File: logos/HvA Internationaal.jpg Graphic file (type jpg)
<use logos/HvA Internationaal.jpg>
Package pdftex.def Info: logos/HvA Internationaal.jpg  used on input line 59.
(pdftex.def)             Requested size: 193.47578pt x 76.31499pt.
[26 <./images/sensorwaardes_origineel.png>]
<images/sensorwaardes_filter.png, id=567, 469.755pt x 162.3666pt>
File: images/sensorwaardes_filter.png Graphic file (type png)
<use images/sensorwaardes_filter.png>
Package pdftex.def Info: images/sensorwaardes_filter.png  used on input line 63.
(pdftex.def)             Requested size: 483.69687pt x 167.18495pt.
<images/sensorwaardes_kalibraties.png, id=569, 2772.60844pt x 954.56625pt>
File: images/sensorwaardes_kalibraties.png Graphic file (type png)
<use images/sensorwaardes_kalibraties.png>
Package pdftex.def Info: images/sensorwaardes_kalibraties.png  used on input line 72.
(pdftex.def)             Requested size: 483.69687pt x 166.52724pt.

Underfull \hbox (badness 10000) in paragraph at lines 79--80

 []

<images/imu_pieken.png, id=571, 514.0806pt x 228.855pt>
File: images/imu_pieken.png Graphic file (type png)
<use images/imu_pieken.png>
Package pdftex.def Info: images/imu_pieken.png  used on input line 83.
(pdftex.def)             Requested size: 483.69687pt x 215.33324pt.

LaTeX Warning: `h' float specifier changed to `ht'.


Underfull \hbox (badness 10000) in paragraph at lines 88--89

 []

File: logos/HvA Internationaal.jpg Graphic file (type jpg)
<use logos/HvA Internationaal.jpg>
Package pdftex.def Info: logos/HvA Internationaal.jpg  used on input line 89.
(pdftex.def)             Requested size: 193.47578pt x 76.31499pt.
[27 <./images/sensorwaardes_filter.png> <./images/sensorwaardes_kalibraties.png>] (C:\Users\Dennis van den Berg\AppData\Local\Programs\MiKTeX\tex/latex/listings\lstlang1.sty
File: lstlang1.sty 2025/11/14 1.11b listings language file
) (C:\Users\Dennis van den Berg\AppData\Local\Programs\MiKTeX\tex/latex/listings\lstmisc.sty
File: lstmisc.sty 2025/11/14 1.11b (Carsten Heinz)
)
File: logos/HvA Internationaal.jpg Graphic file (type jpg)
<use logos/HvA Internationaal.jpg>
Package pdftex.def Info: logos/HvA Internationaal.jpg  used on input line 524.
(pdftex.def)             Requested size: 193.47578pt x 76.31499pt.
 [28 <./images/imu_pieken.png>]) (resultaten.tex
Underfull \hbox (badness 10000) in paragraph at lines 8--13

 []


Underfull \hbox (badness 10000) in paragraph at lines 14--20

 []


Underfull \hbox (badness 10000) in paragraph at lines 21--28

 []

File: logos/HvA Internationaal.jpg Graphic file (type jpg)
<use logos/HvA Internationaal.jpg>
Package pdftex.def Info: logos/HvA Internationaal.jpg  used on input line 66.
(pdftex.def)             Requested size: 193.47578pt x 76.31499pt.
[29]
Underfull \hbox (badness 10000) in paragraph at lines 70--72

 []

<images/normaal_lopen.png, id=604, 1404.74812pt x 572.89032pt>
File: images/normaal_lopen.png Graphic file (type png)
<use images/normaal_lopen.png>
Package pdftex.def Info: images/normaal_lopen.png  used on input line 82.
(pdftex.def)             Requested size: 483.69687pt x 197.26274pt.
<images/normaal_lopen_zoom.png, id=605, 1407.00656pt x 583.42969pt>
File: images/normaal_lopen_zoom.png Graphic file (type png)
<use images/normaal_lopen_zoom.png>
Package pdftex.def Info: images/normaal_lopen_zoom.png  used on input line 90.
(pdftex.def)             Requested size: 483.69687pt x 200.56236pt.
<images/normaal_auto.png, id=606, 1373.88281pt x 579.66562pt>
File: images/normaal_auto.png Graphic file (type png)
<use images/normaal_auto.png>
Package pdftex.def Info: images/normaal_auto.png  used on input line 98.
(pdftex.def)             Requested size: 483.69687pt x 204.08008pt.
File: logos/HvA Internationaal.jpg Graphic file (type jpg)
<use logos/HvA Internationaal.jpg>
Package pdftex.def Info: logos/HvA Internationaal.jpg  used on input line 105.
(pdftex.def)             Requested size: 193.47578pt x 76.31499pt.
[30 <./images/normaal_lopen.png> <./images/normaal_lopen_zoom.png>]
<images/grote_sprongen.png, id=618, 1046.40938pt x 554.07pt>
File: images/grote_sprongen.png Graphic file (type png)
<use images/grote_sprongen.png>
Package pdftex.def Info: images/grote_sprongen.png  used on input line 113.
(pdftex.def)             Requested size: 232.17242pt x 122.92722pt.

Underfull \hbox (badness 1571) in paragraph at lines 114--114
\OT1/cmr/bx/n/9 ge^^?^^Pnjecteerde posi-tiespron-gen van 5
 []

<images/geen_sprongen.png, id=619, 1025.33063pt x 545.03625pt>
File: images/geen_sprongen.png Graphic file (type png)
<use images/geen_sprongen.png>
Package pdftex.def Info: images/geen_sprongen.png  used on input line 119.
(pdftex.def)             Requested size: 232.17242pt x 123.40962pt.

Underfull \hbox (badness 10000) in paragraph at lines 125--127

 []

<images/normaal_auto_achteruit.png, id=621, 1373.13pt x 587.94656pt>
File: images/normaal_auto_achteruit.png Graphic file (type png)
<use images/normaal_auto_achteruit.png>
Package pdftex.def Info: images/normaal_auto_achteruit.png  used on input line 130.
(pdftex.def)             Requested size: 483.69687pt x 207.10316pt.
File: logos/HvA Internationaal.jpg Graphic file (type jpg)
<use logos/HvA Internationaal.jpg>
Package pdftex.def Info: logos/HvA Internationaal.jpg  used on input line 137.
(pdftex.def)             Requested size: 193.47578pt x 76.31499pt.
[31 <./images/normaal_auto.png> <./images/grote_sprongen.png> <./images/geen_sprongen.png>]
Underfull \hbox (badness 10000) in paragraph at lines 147--150

 []

<images/rtk_uit_lopen.png, id=634, 1407.00656pt x 585.68813pt>
File: images/rtk_uit_lopen.png Graphic file (type png)
<use images/rtk_uit_lopen.png>
Package pdftex.def Info: images/rtk_uit_lopen.png  used on input line 153.
(pdftex.def)             Requested size: 483.69687pt x 201.33873pt.
<images/rtk_uit_lopen_zoom.png, id=635, 1413.78188pt x 595.47469pt>
File: images/rtk_uit_lopen_zoom.png Graphic file (type png)
<use images/rtk_uit_lopen_zoom.png>
Package pdftex.def Info: images/rtk_uit_lopen_zoom.png  used on input line 161.
(pdftex.def)             Requested size: 483.69687pt x 203.73077pt.
File: logos/HvA Internationaal.jpg Graphic file (type jpg)
<use logos/HvA Internationaal.jpg>
Package pdftex.def Info: logos/HvA Internationaal.jpg  used on input line 169.
(pdftex.def)             Requested size: 193.47578pt x 76.31499pt.
[32 <./images/normaal_auto_achteruit.png> <./images/rtk_uit_lopen.png>]
Package hyperref Info: bookmark level for unknown lstlisting defaults to 0 on input line 170.

Underfull \hbox (badness 10000) in paragraph at lines 185--186

 []

<images/rtk_uit_auto.png, id=646, 1358.82657pt x 577.40718pt>
File: images/rtk_uit_auto.png Graphic file (type png)
<use images/rtk_uit_auto.png>
Package pdftex.def Info: images/rtk_uit_auto.png  used on input line 192.
(pdftex.def)             Requested size: 483.69687pt x 205.53163pt.
<images/rtk_uit_auto_zoom.png, id=647, 1409.265pt x 582.67688pt>
File: images/rtk_uit_auto_zoom.png Graphic file (type png)
<use images/rtk_uit_auto_zoom.png>
Package pdftex.def Info: images/rtk_uit_auto_zoom.png  used on input line 200.
(pdftex.def)             Requested size: 483.69687pt x 199.9835pt.

Underfull \hbox (badness 10000) in paragraph at lines 207--208

 []


Underfull \hbox (badness 10000) in paragraph at lines 209--211

 []

File: logos/HvA Internationaal.jpg Graphic file (type jpg)
<use logos/HvA Internationaal.jpg>
Package pdftex.def Info: logos/HvA Internationaal.jpg  used on input line 213.
(pdftex.def)             Requested size: 193.47578pt x 76.31499pt.
[33 <./images/rtk_uit_lopen_zoom.png>]
File: logos/HvA Internationaal.jpg Graphic file (type jpg)
<use logos/HvA Internationaal.jpg>
Package pdftex.def Info: logos/HvA Internationaal.jpg  used on input line 213.
(pdftex.def)             Requested size: 193.47578pt x 76.31499pt.
 [34 <./images/rtk_uit_auto.png> <./images/rtk_uit_auto_zoom.png>]
<images/rtk_uit_auto_recht.png, id=677, 1396.4672pt x 584.93532pt>
File: images/rtk_uit_auto_recht.png Graphic file (type png)
<use images/rtk_uit_auto_recht.png>
Package pdftex.def Info: images/rtk_uit_auto_recht.png  used on input line 216.
(pdftex.def)             Requested size: 483.69687pt x 202.60619pt.
<images/rtk_uit_auto_bocht.png, id=678, 1359.57938pt x 584.93532pt>
File: images/rtk_uit_auto_bocht.png Graphic file (type png)
<use images/rtk_uit_auto_bocht.png>
Package pdftex.def Info: images/rtk_uit_auto_bocht.png  used on input line 224.
(pdftex.def)             Requested size: 483.69687pt x 208.09529pt.
File: logos/HvA Internationaal.jpg Graphic file (type jpg)
<use logos/HvA Internationaal.jpg>
Package pdftex.def Info: logos/HvA Internationaal.jpg  used on input line 232.
(pdftex.def)             Requested size: 193.47578pt x 76.31499pt.
 [35 <./images/rtk_uit_auto_recht.png> <./images/rtk_uit_auto_bocht.png>]
Underfull \hbox (badness 10000) in paragraph at lines 236--237

 []


Underfull \hbox (badness 10000) in paragraph at lines 238--239

 []


Underfull \hbox (badness 10000) in paragraph at lines 240--241

 []

File: logos/HvA Internationaal.jpg Graphic file (type jpg)
<use logos/HvA Internationaal.jpg>
Package pdftex.def Info: logos/HvA Internationaal.jpg  used on input line 242.
(pdftex.def)             Requested size: 193.47578pt x 76.31499pt.
[36]
<images/gps_out_lopen_rood.png, id=694, 1400.23125pt x 576.65437pt>
File: images/gps_out_lopen_rood.png Graphic file (type png)
<use images/gps_out_lopen_rood.png>
Package pdftex.def Info: images/gps_out_lopen_rood.png  used on input line 246.
(pdftex.def)             Requested size: 483.69687pt x 199.20114pt.
<images/gps_out_lopen_groen.png, id=695, 1408.51219pt x 576.65437pt>
File: images/gps_out_lopen_groen.png Graphic file (type png)
<use images/gps_out_lopen_groen.png>
Package pdftex.def Info: images/gps_out_lopen_groen.png  used on input line 253.
(pdftex.def)             Requested size: 483.69687pt x 198.02206pt.
File: logos/HvA Internationaal.jpg Graphic file (type jpg)
<use logos/HvA Internationaal.jpg>
Package pdftex.def Info: logos/HvA Internationaal.jpg  used on input line 260.
(pdftex.def)             Requested size: 193.47578pt x 76.31499pt.
 [37 <./images/gps_out_lopen_rood.png> <./images/gps_out_lopen_groen.png>]
<images/gps_out_auto_rood_1.png, id=707, 1362.59062pt x 583.42969pt>
File: images/gps_out_auto_rood_1.png Graphic file (type png)
<use images/gps_out_auto_rood_1.png>
Package pdftex.def Info: images/gps_out_auto_rood_1.png  used on input line 264.
(pdftex.def)             Requested size: 483.69687pt x 207.10562pt.
<images/gps_out_auto_groen_1.png, id=708, 1386.68062pt x 575.14874pt>
File: images/gps_out_auto_groen_1.png Graphic file (type png)
<use images/gps_out_auto_groen_1.png>
Package pdftex.def Info: images/gps_out_auto_groen_1.png  used on input line 271.
(pdftex.def)             Requested size: 483.69687pt x 200.62054pt.
File: logos/HvA Internationaal.jpg Graphic file (type jpg)
<use logos/HvA Internationaal.jpg>
Package pdftex.def Info: logos/HvA Internationaal.jpg  used on input line 278.
(pdftex.def)             Requested size: 193.47578pt x 76.31499pt.
 [38 <./images/gps_out_auto_rood_1.png> <./images/gps_out_auto_groen_1.png>]
<images/gps_out_auto_rood_2.png, id=719, 1355.8153pt x 566.115pt>
File: images/gps_out_auto_rood_2.png Graphic file (type png)
<use images/gps_out_auto_rood_2.png>
Package pdftex.def Info: images/gps_out_auto_rood_2.png  used on input line 284.
(pdftex.def)             Requested size: 232.17242pt x 96.93797pt.
<images/gps_out_auto_groen_2.png, id=720, 1355.0625pt x 564.60938pt>
File: images/gps_out_auto_groen_2.png Graphic file (type png)
<use images/gps_out_auto_groen_2.png>
Package pdftex.def Info: images/gps_out_auto_groen_2.png  used on input line 290.
(pdftex.def)             Requested size: 232.17242pt x 96.73184pt.
<images/gps_out_auto_rood_3.png, id=721, 1343.0175pt x 571.38469pt>
File: images/gps_out_auto_rood_3.png Graphic file (type png)
<use images/gps_out_auto_rood_3.png>
Package pdftex.def Info: images/gps_out_auto_rood_3.png  used on input line 300.
(pdftex.def)             Requested size: 232.17242pt x 98.77321pt.
<images/gps_out_auto_groen_3.png, id=722, 1281.28688pt x 561.59813pt>
File: images/gps_out_auto_groen_3.png Graphic file (type png)
<use images/gps_out_auto_groen_3.png>
Package pdftex.def Info: images/gps_out_auto_groen_3.png  used on input line 306.
(pdftex.def)             Requested size: 232.17242pt x 101.76027pt.
File: logos/HvA Internationaal.jpg Graphic file (type jpg)
<use logos/HvA Internationaal.jpg>
Package pdftex.def Info: logos/HvA Internationaal.jpg  used on input line 312.
(pdftex.def)             Requested size: 193.47578pt x 76.31499pt.
 [39 <./images/gps_out_auto_rood_2.png> <./images/gps_out_auto_groen_2.png> <./images/gps_out_auto_rood_3.png> <./images/gps_out_auto_groen_3.png>]) (conclusie.tex
Underfull \hbox (badness 10000) in paragraph at lines 4--5

 []


Underfull \hbox (badness 10000) in paragraph at lines 6--7

 []


Underfull \hbox (badness 10000) in paragraph at lines 8--9

 []

File: logos/HvA Internationaal.jpg Graphic file (type jpg)
<use logos/HvA Internationaal.jpg>
Package pdftex.def Info: logos/HvA Internationaal.jpg  used on input line 12.
(pdftex.def)             Requested size: 193.47578pt x 76.31499pt.
[40]
Underfull \hbox (badness 10000) in paragraph at lines 18--19

 []


Underfull \hbox (badness 10000) in paragraph at lines 20--21

 []


Underfull \hbox (badness 10000) in paragraph at lines 22--23

 []


Underfull \hbox (badness 10000) in paragraph at lines 24--25

 []

File: logos/HvA Internationaal.jpg Graphic file (type jpg)
<use logos/HvA Internationaal.jpg>
Package pdftex.def Info: logos/HvA Internationaal.jpg  used on input line 27.
(pdftex.def)             Requested size: 193.47578pt x 76.31499pt.
[41])
Overfull \hbox (70.06363pt too wide) in paragraph at lines 29--29
[]\OT1/cmr/m/n/10 GPS Ge-ome-ter. \OT1/cmr/m/it/10 What Is GNSS RTK and How Does It Work? \OT1/cmr/m/n/10 [On-line]. Avail-able: https://gpsgeometer.com/en/blog/what-
 []


Overfull \hbox (11.949pt too wide) in paragraph at lines 29--29
[]\OT1/cmr/m/n/10 X. Meng, H. Wang, and B. Liu. ``A Ro-bust Ve-hi-cle Lo-cal-iza-tion Ap-proach Based on GNSS/IMU/DMI/LiDAR
 []


Overfull \hbox (3.57457pt too wide) in paragraph at lines 29--29
\OT1/cmr/m/n/10 introduction-to-gnss/chapter-2-basic-gnss-concepts/step-4-computation. Ger-aad-pleegd op 11 febru-ari 2026. 
 []


Overfull \hbox (30.19313pt too wide) in paragraph at lines 29--29
\OT1/cmr/m/n/10 https://novatel.com/tech-talk/an-introduction-to-gnss/resources/understanding-and-mitigating-gnss-multipath-
 []

File: logos/HvA Internationaal.jpg Graphic file (type jpg)
<use logos/HvA Internationaal.jpg>
Package pdftex.def Info: logos/HvA Internationaal.jpg  used on input line 29.
(pdftex.def)             Requested size: 193.47578pt x 76.31499pt.
[42]
Overfull \hbox (13.10466pt too wide) in paragraph at lines 29--29
\OT1/cmtt/m/n/10 application _ note / an5296 -[] asm330lhh -[] automotive -[] inertial -[] module -[] digital -[] 3axis -[] accelerometer -[]
 []


Overfull \hbox (79.54718pt too wide) in paragraph at lines 29--29
[]\OT1/cmr/m/n/10 The Jockey Club. \OT1/cmr/m/it/10 How Fast Are Race-horses? | Rac-ing Ex-plained\OT1/cmr/m/n/10 . [On-line]. Avail-able: https://www.thejockeyclub.co.uk/the-
 []


Overfull \hbox (6.47261pt too wide) in paragraph at lines 29--29
[]\OT1/cmr/m/n/10 Wikipedia con-trib-u-tors. \OT1/cmr/m/it/10 Sha Tin Race-course --- Wikipedia, The Free En-cy-clo-pe-dia\OT1/cmr/m/n/10 . []$\OT1/cmtt/m/n/10 https : / / en . wikipedia .
 []

File: logos/HvA Internationaal.jpg Graphic file (type jpg)
<use logos/HvA Internationaal.jpg>
Package pdftex.def Info: logos/HvA Internationaal.jpg  used on input line 31.
(pdftex.def)             Requested size: 193.47578pt x 76.31499pt.
[43] (begrippenlijst.tex
Underfull \hbox (badness 10000) in paragraph at lines 36--38
[]|\OT1/cmr/m/n/10 Communicatieprotocol voor be-trouw-bare dat-a-com-mu-ni-catie
 []


Underfull \hbox (badness 10000) in paragraph at lines 55--55
[]|\OT1/cmr/m/n/10 ECEF (Earth-Centered
 []


Underfull \hbox (badness 10000) in paragraph at lines 77--77
[]|\OT1/cmr/m/n/10 GNSS (Global Nav-i-ga-tion
 []


Underfull \hbox (badness 4084) in paragraph at lines 175--179
[]|\OT1/cmr/m/n/10 Synchroon se-rieel com-mu-ni-catiepro-to-col voor com-mu-ni-catie
 []


Underfull \hbox (badness 2903) in paragraph at lines 205--205
[]|\OT1/cmr/m/n/10 ZUPT (Zero Ve-loc-ity Up-
 []


ignored: Infinite glue shrinkage found in box being split
File: logos/HvA Internationaal.jpg Graphic file (type jpg)
<use logos/HvA Internationaal.jpg>
Package pdftex.def Info: logos/HvA Internationaal.jpg  used on input line 208.
(pdftex.def)             Requested size: 193.47578pt x 76.31499pt.
[44]
ignored: Infinite glue shrinkage found in box being split
File: logos/HvA Internationaal.jpg Graphic file (type jpg)
<use logos/HvA Internationaal.jpg>
Package pdftex.def Info: logos/HvA Internationaal.jpg  used on input line 208.
(pdftex.def)             Requested size: 193.47578pt x 76.31499pt.
 [45])
File: logos/HvA Internationaal.jpg Graphic file (type jpg)
<use logos/HvA Internationaal.jpg>
Package pdftex.def Info: logos/HvA Internationaal.jpg  used on input line 38.
(pdftex.def)             Requested size: 193.47578pt x 76.31499pt.
 [46] (zwaartekracht.tex

LaTeX Warning: Reference `subsubsec:gravity_comp' on page 47 undefined on input line 8.


Overfull \hbox (7.78139pt too wide) in paragraph at lines 62--66
\OT1/cmr/m/n/10 alleen de voor-waartse as rel-e-vant is, wordt uit-slui-tend de boven-ste rij van $\OML/cmm/m/it/10 R[]$ \OT1/cmr/m/n/10 ge-bruikt, namelijk $[[] \OML/cmm/m/it/10 ^^R[];  \OT1/cmr/m/n/10 0\OML/cmm/m/it/10 ;  []\OT1/cmr/m/n/10 ]$: 
 []

LaTeX Font Info:    Font shape `OT1/cmtt/bx/n' in size <8> not available
(Font)              Font shape `OT1/cmtt/m/n' tried instead on input line 91.

LaTeX Warning: Reference `subsubsec:gravity_comp' on page 47 undefined on input line 105.

)
File: logos/HvA Internationaal.jpg Graphic file (type jpg)
<use logos/HvA Internationaal.jpg>
Package pdftex.def Info: logos/HvA Internationaal.jpg  used on input line 40.
(pdftex.def)             Requested size: 193.47578pt x 76.31499pt.
 [47]
File: logos/HvA Internationaal.jpg Graphic file (type jpg)
<use logos/HvA Internationaal.jpg>
Package pdftex.def Info: logos/HvA Internationaal.jpg  used on input line 42.
(pdftex.def)             Requested size: 193.47578pt x 76.31499pt.
 [48] (main.aux)
 ***********
LaTeX2e <2025-11-01>
L3 programming layer <2026-01-19>
 ***********


LaTeX Warning: There were undefined references.

Package rerunfilecheck Info: File `main.out' has not changed.
(rerunfilecheck)             Checksum: 347A22B7681F5BB3B6EF63A3FE9A0F74;7993.
Package logreq Info: Writing requests to 'main.run.xml'.
\openout1 = `main.run.xml'.

 ) 
Here is how much of TeX's memory you used:
 47895 strings out of 467866
 1095046 string characters out of 5411502
 2253762 words of memory out of 5000000
 75858 multiletter control sequences out of 15000+600000
 637591 words of font info for 74 fonts, out of 8000000 for 9000
 1141 hyphenation exceptions out of 8191
 103i,19n,121p,1311b,2283s stack positions out of 10000i,1000n,20000p,200000b,200000s
 <C:\Users\Dennis van den Berg\AppData\Local\MiKTeX\fonts/pk/ljfour/jknappen/ec/dpi600\tcrm1000.pk><C:/Users/Dennis van den Berg/AppData/Local/Programs/MiKTeX/fonts/type1/public/amsfonts/cm/cmbx10.pfb><C:/Users/Dennis van den Berg/AppData/Local/Programs/MiKTeX/fonts/type1/public/amsfonts/cm/cmbx12.pfb><C:/Users/Dennis van den Berg/AppData/Local/Programs/MiKTeX/fonts/type1/public/amsfonts/cm/cmbx9.pfb><C:/Users/Dennis van den Berg/AppData/Local/Programs/MiKTeX/fonts/type1/public/amsfonts/cm/cmcsc10.pfb><C:/Users/Dennis van den Berg/AppData/Local/Programs/MiKTeX/fonts/type1/public/amsfonts/cm/cmex10.pfb><C:/Users/Dennis van den Berg/AppData/Local/Programs/MiKTeX/fonts/type1/public/amsfonts/cm/cmitt10.pfb><C:/Users/Dennis van den Berg/AppData/Local/Programs/MiKTeX/fonts/type1/public/amsfonts/cm/cmmi10.pfb><C:/Users/Dennis van den Berg/AppData/Local/Programs/MiKTeX/fonts/type1/public/amsfonts/cm/cmmi5.pfb><C:/Users/Dennis van den Berg/AppData/Local/Programs/MiKTeX/fonts/type1/public/amsfonts/cm/cmmi6.pfb><C:/Users/Dennis van den Berg/AppData/Local/Programs/MiKTeX/fonts/type1/public/amsfonts/cm/cmmi7.pfb><C:/Users/Dennis van den Berg/AppData/Local/Programs/MiKTeX/fonts/type1/public/amsfonts/cm/cmmi9.pfb><C:/Users/Dennis van den Berg/AppData/Local/Programs/MiKTeX/fonts/type1/public/amsfonts/cm/cmr10.pfb><C:/Users/Dennis van den Berg/AppData/Local/Programs/MiKTeX/fonts/type1/public/amsfonts/cm/cmr12.pfb><C:/Users/Dennis van den Berg/AppData/Local/Programs/MiKTeX/fonts/type1/public/amsfonts/cm/cmr7.pfb><C:/Users/Dennis van den Berg/AppData/Local/Programs/MiKTeX/fonts/type1/public/amsfonts/cm/cmr9.pfb><C:/Users/Dennis van den Berg/AppData/Local/Programs/MiKTeX/fonts/type1/public/amsfonts/cm/cmsy10.pfb><C:/Users/Dennis van den Berg/AppData/Local/Programs/MiKTeX/fonts/type1/public/amsfonts/cm/cmsy6.pfb><C:/Users/Dennis van den Berg/AppData/Local/Programs/MiKTeX/fonts/type1/public/amsfonts/cm/cmsy7.pfb><C:/Users/Dennis van den Berg/AppData/Local/Programs/MiKTeX/fonts/type1/public/amsfonts/cm/cmti10.pfb><C:/Users/Dennis van den Berg/AppData/Local/Programs/MiKTeX/fonts/type1/public/amsfonts/cm/cmtt10.pfb><C:/Users/Dennis van den Berg/AppData/Local/Programs/MiKTeX/fonts/type1/public/amsfonts/cm/cmtt8.pfb>
Output written on main.pdf (48 pages, 5665448 bytes).
PDF statistics:
 973 PDF objects out of 1000 (max. 8388607)
 232 named destinations out of 1000 (max. 500000)
 564 words of extra memory for PDF output out of 10000 (max. 10000000)

